interactions:
- request:
    body: '{"parent": {"type": "page_id", "page_id": "250662d9-783d-483c-b131-341ed479f96c"},
      "title": [{"type": "text", "plain_text": "tests/test_orm.py::test_orm_icon (setup)",
      "text": {"content": "tests/test_orm.py::test_orm_icon (setup)"}}], "properties":
      {"Name": {"type": "title", "title": {}}, "Index": {"type": "number", "number":
      {"format": "number"}}, "Notes": {"type": "rich_text", "rich_text": {}}, "Complete":
      {"type": "checkbox", "checkbox": {}}, "Due Date": {"type": "date", "date": {}},
      "Tags": {"type": "multi_select", "multi_select": {"options": []}}}}'
    headers:
      accept:
      - '*/*'
      accept-encoding:
      - gzip, deflate
      authorization:
      - secret...
      connection:
      - keep-alive
      content-length:
      - '559'
      content-type:
      - application/json
      host:
      - api.notion.com
      notion-version:
      - '2022-02-22'
    method: POST
    uri: https://api.notion.com/v1/databases
  response:
    content: '{"object":"database","id":"34cea095-2f1e-4884-95c9-fd7056a5aece","cover":null,"icon":null,"created_time":"2022-11-29T22:40:00.000Z","created_by":{"object":"user","id":"6860cd48-ced8-41b3-b824-c7d039085db1"},"last_edited_by":{"object":"user","id":"6860cd48-ced8-41b3-b824-c7d039085db1"},"last_edited_time":"2022-11-29T22:40:00.000Z","title":[{"type":"text","text":{"content":"tests/test_orm.py::test_orm_icon
      (setup)","link":null},"annotations":{"bold":false,"italic":false,"strikethrough":false,"underline":false,"code":false,"color":"default"},"plain_text":"tests/test_orm.py::test_orm_icon
      (setup)","href":null}],"description":[],"is_inline":false,"properties":{"Notes":{"id":"mmel","name":"Notes","type":"rich_text","rich_text":{}},"Tags":{"id":"pc~%3C","name":"Tags","type":"multi_select","multi_select":{"options":[]}},"Complete":{"id":"qpPP","name":"Complete","type":"checkbox","checkbox":{}},"Due
      Date":{"id":"tWfb","name":"Due Date","type":"date","date":{}},"Index":{"id":"~NBc","name":"Index","type":"number","number":{"format":"number"}},"Name":{"id":"title","name":"Name","type":"title","title":{}}},"parent":{"type":"page_id","page_id":"250662d9-783d-483c-b131-341ed479f96c"},"url":"https://www.notion.so/34cea0952f1e488495c9fd7056a5aece","archived":false}'
    headers: {}
    http_version: HTTP/1.1
    status_code: 200
- request:
    body: '{"parent": {"type": "database_id", "database_id": "34cea095-2f1e-4884-95c9-fd7056a5aece"},
      "properties": {}}'
    headers:
      accept:
      - '*/*'
      accept-encoding:
      - gzip, deflate
      authorization:
      - secret...
      connection:
      - keep-alive
      content-length:
      - '108'
      content-type:
      - application/json
      host:
      - api.notion.com
      notion-version:
      - '2022-02-22'
    method: POST
    uri: https://api.notion.com/v1/pages
  response:
    content: '{"object":"page","id":"445bdb10-b7b3-422a-8064-9a696ec0f450","created_time":"2022-11-29T22:40:00.000Z","last_edited_time":"2022-11-29T22:40:00.000Z","created_by":{"object":"user","id":"6860cd48-ced8-41b3-b824-c7d039085db1"},"last_edited_by":{"object":"user","id":"6860cd48-ced8-41b3-b824-c7d039085db1"},"cover":null,"icon":null,"parent":{"type":"database_id","database_id":"34cea095-2f1e-4884-95c9-fd7056a5aece"},"archived":false,"properties":{"Notes":{"id":"mmel","type":"rich_text","rich_text":[]},"Tags":{"id":"pc~%3C","type":"multi_select","multi_select":[]},"Complete":{"id":"qpPP","type":"checkbox","checkbox":false},"Due
      Date":{"id":"tWfb","type":"date","date":null},"Index":{"id":"~NBc","type":"number","number":null},"Name":{"id":"title","type":"title","title":[]}},"url":"https://www.notion.so/445bdb10b7b3422a80649a696ec0f450"}'
    headers: {}
    http_version: HTTP/1.1
    status_code: 200
- request:
    body: '{"icon": {"type": "emoji", "emoji": "\ud83c\udf54"}}'
    headers:
      accept:
      - '*/*'
      accept-encoding:
      - gzip, deflate
      authorization:
      - secret...
      connection:
      - keep-alive
      content-length:
      - '52'
      content-type:
      - application/json
      host:
      - api.notion.com
      notion-version:
      - '2022-02-22'
    method: PATCH
    uri: https://api.notion.com/v1/pages/445bdb10b7b3422a80649a696ec0f450
  response:
    content: "{\"object\":\"page\",\"id\":\"445bdb10-b7b3-422a-8064-9a696ec0f450\",\"created_time\":\"2022-11-29T22:40:00.000Z\",\"last_edited_time\":\"2022-11-29T22:40:00.000Z\",\"created_by\":{\"object\":\"user\",\"id\":\"6860cd48-ced8-41b3-b824-c7d039085db1\"},\"last_edited_by\":{\"object\":\"user\",\"id\":\"6860cd48-ced8-41b3-b824-c7d039085db1\"},\"cover\":null,\"icon\":{\"type\":\"emoji\",\"emoji\":\"\U0001F354\"},\"parent\":{\"type\":\"database_id\",\"database_id\":\"34cea095-2f1e-4884-95c9-fd7056a5aece\"},\"archived\":false,\"properties\":{\"Notes\":{\"id\":\"mmel\",\"type\":\"rich_text\",\"rich_text\":[]},\"Tags\":{\"id\":\"pc~%3C\",\"type\":\"multi_select\",\"multi_select\":[]},\"Complete\":{\"id\":\"qpPP\",\"type\":\"checkbox\",\"checkbox\":false},\"Due
      Date\":{\"id\":\"tWfb\",\"type\":\"date\",\"date\":null},\"Index\":{\"id\":\"~NBc\",\"type\":\"number\",\"number\":null},\"Name\":{\"id\":\"title\",\"type\":\"title\",\"title\":[]}},\"url\":\"https://www.notion.so/445bdb10b7b3422a80649a696ec0f450\"}"
    headers: {}
    http_version: HTTP/1.1
    status_code: 200
- request:
    body: '{"parent": {"type": "database_id", "database_id": "34cea095-2f1e-4884-95c9-fd7056a5aece"},
      "properties": {}}'
    headers:
      accept:
      - '*/*'
      accept-encoding:
      - gzip, deflate
      authorization:
      - secret...
      connection:
      - keep-alive
      content-length:
      - '108'
      content-type:
      - application/json
      host:
      - api.notion.com
      notion-version:
      - '2022-02-22'
    method: POST
    uri: https://api.notion.com/v1/pages
  response:
    content: '{"object":"page","id":"99dad20f-94fa-42ec-be13-781b2227816f","created_time":"2022-11-29T22:40:00.000Z","last_edited_time":"2022-11-29T22:40:00.000Z","created_by":{"object":"user","id":"6860cd48-ced8-41b3-b824-c7d039085db1"},"last_edited_by":{"object":"user","id":"6860cd48-ced8-41b3-b824-c7d039085db1"},"cover":null,"icon":null,"parent":{"type":"database_id","database_id":"34cea095-2f1e-4884-95c9-fd7056a5aece"},"archived":false,"properties":{"Notes":{"id":"mmel","type":"rich_text","rich_text":[]},"Tags":{"id":"pc~%3C","type":"multi_select","multi_select":[]},"Complete":{"id":"qpPP","type":"checkbox","checkbox":false},"Due
      Date":{"id":"tWfb","type":"date","date":null},"Index":{"id":"~NBc","type":"number","number":null},"Name":{"id":"title","type":"title","title":[]}},"url":"https://www.notion.so/99dad20f94fa42ecbe13781b2227816f"}'
    headers: {}
    http_version: HTTP/1.1
    status_code: 200
- request:
    body: '{"icon": {"type": "emoji", "emoji": "\ud83c\udf5f"}}'
    headers:
      accept:
      - '*/*'
      accept-encoding:
      - gzip, deflate
      authorization:
      - secret...
      connection:
      - keep-alive
      content-length:
      - '52'
      content-type:
      - application/json
      host:
      - api.notion.com
      notion-version:
      - '2022-02-22'
    method: PATCH
    uri: https://api.notion.com/v1/pages/99dad20f94fa42ecbe13781b2227816f
  response:
    content: "{\"object\":\"page\",\"id\":\"99dad20f-94fa-42ec-be13-781b2227816f\",\"created_time\":\"2022-11-29T22:40:00.000Z\",\"last_edited_time\":\"2022-11-29T22:40:00.000Z\",\"created_by\":{\"object\":\"user\",\"id\":\"6860cd48-ced8-41b3-b824-c7d039085db1\"},\"last_edited_by\":{\"object\":\"user\",\"id\":\"6860cd48-ced8-41b3-b824-c7d039085db1\"},\"cover\":null,\"icon\":{\"type\":\"emoji\",\"emoji\":\"\U0001F35F\"},\"parent\":{\"type\":\"database_id\",\"database_id\":\"34cea095-2f1e-4884-95c9-fd7056a5aece\"},\"archived\":false,\"properties\":{\"Notes\":{\"id\":\"mmel\",\"type\":\"rich_text\",\"rich_text\":[]},\"Tags\":{\"id\":\"pc~%3C\",\"type\":\"multi_select\",\"multi_select\":[]},\"Complete\":{\"id\":\"qpPP\",\"type\":\"checkbox\",\"checkbox\":false},\"Due
      Date\":{\"id\":\"tWfb\",\"type\":\"date\",\"date\":null},\"Index\":{\"id\":\"~NBc\",\"type\":\"number\",\"number\":null},\"Name\":{\"id\":\"title\",\"type\":\"title\",\"title\":[]}},\"url\":\"https://www.notion.so/99dad20f94fa42ecbe13781b2227816f\"}"
    headers: {}
    http_version: HTTP/1.1
    status_code: 200
- request:
    body: '{"parent": {"type": "database_id", "database_id": "34cea095-2f1e-4884-95c9-fd7056a5aece"},
      "properties": {}}'
    headers:
      accept:
      - '*/*'
      accept-encoding:
      - gzip, deflate
      authorization:
      - secret...
      connection:
      - keep-alive
      content-length:
      - '108'
      content-type:
      - application/json
      host:
      - api.notion.com
      notion-version:
      - '2022-02-22'
    method: POST
    uri: https://api.notion.com/v1/pages
  response:
    content: '{"object":"page","id":"fc90ae60-3514-4ab1-9910-355789448c0b","created_time":"2022-11-29T22:40:00.000Z","last_edited_time":"2022-11-29T22:40:00.000Z","created_by":{"object":"user","id":"6860cd48-ced8-41b3-b824-c7d039085db1"},"last_edited_by":{"object":"user","id":"6860cd48-ced8-41b3-b824-c7d039085db1"},"cover":null,"icon":null,"parent":{"type":"database_id","database_id":"34cea095-2f1e-4884-95c9-fd7056a5aece"},"archived":false,"properties":{"Notes":{"id":"mmel","type":"rich_text","rich_text":[]},"Tags":{"id":"pc~%3C","type":"multi_select","multi_select":[]},"Complete":{"id":"qpPP","type":"checkbox","checkbox":false},"Due
      Date":{"id":"tWfb","type":"date","date":null},"Index":{"id":"~NBc","type":"number","number":null},"Name":{"id":"title","type":"title","title":[]}},"url":"https://www.notion.so/fc90ae6035144ab19910355789448c0b"}'
    headers: {}
    http_version: HTTP/1.1
    status_code: 200
- request:
    body: '{"icon": {"type": "emoji", "emoji": "\ud83e\udd64"}}'
    headers:
      accept:
      - '*/*'
      accept-encoding:
      - gzip, deflate
      authorization:
      - secret...
      connection:
      - keep-alive
      content-length:
      - '52'
      content-type:
      - application/json
      host:
      - api.notion.com
      notion-version:
      - '2022-02-22'
    method: PATCH
    uri: https://api.notion.com/v1/pages/fc90ae6035144ab19910355789448c0b
  response:
    content: "{\"object\":\"page\",\"id\":\"fc90ae60-3514-4ab1-9910-355789448c0b\",\"created_time\":\"2022-11-29T22:40:00.000Z\",\"last_edited_time\":\"2022-11-29T22:40:00.000Z\",\"created_by\":{\"object\":\"user\",\"id\":\"6860cd48-ced8-41b3-b824-c7d039085db1\"},\"last_edited_by\":{\"object\":\"user\",\"id\":\"6860cd48-ced8-41b3-b824-c7d039085db1\"},\"cover\":null,\"icon\":{\"type\":\"emoji\",\"emoji\":\"\U0001F964\"},\"parent\":{\"type\":\"database_id\",\"database_id\":\"34cea095-2f1e-4884-95c9-fd7056a5aece\"},\"archived\":false,\"properties\":{\"Notes\":{\"id\":\"mmel\",\"type\":\"rich_text\",\"rich_text\":[]},\"Tags\":{\"id\":\"pc~%3C\",\"type\":\"multi_select\",\"multi_select\":[]},\"Complete\":{\"id\":\"qpPP\",\"type\":\"checkbox\",\"checkbox\":false},\"Due
      Date\":{\"id\":\"tWfb\",\"type\":\"date\",\"date\":null},\"Index\":{\"id\":\"~NBc\",\"type\":\"number\",\"number\":null},\"Name\":{\"id\":\"title\",\"type\":\"title\",\"title\":[]}},\"url\":\"https://www.notion.so/fc90ae6035144ab19910355789448c0b\"}"
    headers: {}
    http_version: HTTP/1.1
    status_code: 200
- request:
    body: ''
    headers:
      accept:
      - '*/*'
      accept-encoding:
      - gzip, deflate
      authorization:
      - secret...
      connection:
      - keep-alive
      host:
      - api.notion.com
      notion-version:
      - '2022-02-22'
    method: GET
    uri: https://api.notion.com/v1/pages/445bdb10-b7b3-422a-8064-9a696ec0f450
  response:
    content: "{\"object\":\"page\",\"id\":\"445bdb10-b7b3-422a-8064-9a696ec0f450\",\"created_time\":\"2022-11-29T22:40:00.000Z\",\"last_edited_time\":\"2022-11-29T22:40:00.000Z\",\"created_by\":{\"object\":\"user\",\"id\":\"6860cd48-ced8-41b3-b824-c7d039085db1\"},\"last_edited_by\":{\"object\":\"user\",\"id\":\"6860cd48-ced8-41b3-b824-c7d039085db1\"},\"cover\":null,\"icon\":{\"type\":\"emoji\",\"emoji\":\"\U0001F354\"},\"parent\":{\"type\":\"database_id\",\"database_id\":\"34cea095-2f1e-4884-95c9-fd7056a5aece\"},\"archived\":false,\"properties\":{\"Notes\":{\"id\":\"mmel\",\"type\":\"rich_text\",\"rich_text\":[]},\"Tags\":{\"id\":\"pc~%3C\",\"type\":\"multi_select\",\"multi_select\":[]},\"Complete\":{\"id\":\"qpPP\",\"type\":\"checkbox\",\"checkbox\":false},\"Due
      Date\":{\"id\":\"tWfb\",\"type\":\"date\",\"date\":null},\"Index\":{\"id\":\"~NBc\",\"type\":\"number\",\"number\":null},\"Name\":{\"id\":\"title\",\"type\":\"title\",\"title\":[]}},\"url\":\"https://www.notion.so/445bdb10b7b3422a80649a696ec0f450\"}"
    headers: {}
    http_version: HTTP/1.1
    status_code: 200
- request:
    body: ''
    headers:
      accept:
      - '*/*'
      accept-encoding:
      - gzip, deflate
      authorization:
      - secret...
      connection:
      - keep-alive
      host:
      - api.notion.com
      notion-version:
      - '2022-02-22'
    method: DELETE
    uri: https://api.notion.com/v1/blocks/34cea0952f1e488495c9fd7056a5aece
  response:
    content: '{"object":"block","id":"34cea095-2f1e-4884-95c9-fd7056a5aece","parent":{"type":"page_id","page_id":"250662d9-783d-483c-b131-341ed479f96c"},"created_time":"2022-11-29T22:40:00.000Z","last_edited_time":"2022-11-29T22:40:00.000Z","created_by":{"object":"user","id":"6860cd48-ced8-41b3-b824-c7d039085db1"},"last_edited_by":{"object":"user","id":"6860cd48-ced8-41b3-b824-c7d039085db1"},"has_children":false,"archived":true,"type":"child_database","child_database":{"title":"tests/test_orm.py::test_orm_icon
      (setup)"}}'
    headers: {}
    http_version: HTTP/1.1
    status_code: 200
- request:
    body: '{"parent": {"type": "page_id", "page_id": "250662d9-783d-483c-b131-341ed479f96c"},
      "title": [{"type": "text", "plain_text": "tests/test_orm.py::test_orm_icon (setup)",
      "text": {"content": "tests/test_orm.py::test_orm_icon (setup)"}}], "properties":
      {"Name": {"type": "title", "title": {}}, "Index": {"type": "number", "number":
      {"format": "number"}}, "Notes": {"type": "rich_text", "rich_text": {}}, "Complete":
      {"type": "checkbox", "checkbox": {}}, "Due Date": {"type": "date", "date": {}},
      "Tags": {"type": "multi_select", "multi_select": {"options": []}}}}'
    headers:
      accept:
      - '*/*'
      accept-encoding:
      - gzip, deflate
      authorization:
      - secret...
      connection:
      - keep-alive
      content-length:
      - '559'
      content-type:
      - application/json
      host:
      - api.notion.com
      notion-version:
      - '2022-02-22'
    method: POST
    uri: https://api.notion.com/v1/databases
  response:
    content: '{"object":"database","id":"2ad7e4c7-cead-4c28-9f90-7811dd9b9525","cover":null,"icon":null,"created_time":"2022-12-10T20:55:00.000Z","created_by":{"object":"user","id":"6860cd48-ced8-41b3-b824-c7d039085db1"},"last_edited_by":{"object":"user","id":"6860cd48-ced8-41b3-b824-c7d039085db1"},"last_edited_time":"2022-12-10T20:55:00.000Z","title":[{"type":"text","text":{"content":"tests/test_orm.py::test_orm_icon
      (setup)","link":null},"annotations":{"bold":false,"italic":false,"strikethrough":false,"underline":false,"code":false,"color":"default"},"plain_text":"tests/test_orm.py::test_orm_icon
      (setup)","href":null}],"description":[],"is_inline":false,"properties":{"Due
      Date":{"id":"B%3BWE","name":"Due Date","type":"date","date":{}},"Notes":{"id":"V%40me","name":"Notes","type":"rich_text","rich_text":{}},"Index":{"id":"%5ClFw","name":"Index","type":"number","number":{"format":"number"}},"Complete":{"id":"gdT_","name":"Complete","type":"checkbox","checkbox":{}},"Tags":{"id":"u%3FDO","name":"Tags","type":"multi_select","multi_select":{"options":[]}},"Name":{"id":"title","name":"Name","type":"title","title":{}}},"parent":{"type":"page_id","page_id":"250662d9-783d-483c-b131-341ed479f96c"},"url":"https://www.notion.so/2ad7e4c7cead4c289f907811dd9b9525","archived":false}'
    headers: {}
    http_version: HTTP/1.1
    status_code: 200
- request:
    body: '{"parent": {"type": "database_id", "database_id": "2ad7e4c7-cead-4c28-9f90-7811dd9b9525"},
      "properties": {}}'
    headers:
      accept:
      - '*/*'
      accept-encoding:
      - gzip, deflate
      authorization:
      - secret...
      connection:
      - keep-alive
      content-length:
      - '108'
      content-type:
      - application/json
      host:
      - api.notion.com
      notion-version:
      - '2022-02-22'
    method: POST
    uri: https://api.notion.com/v1/pages
  response:
    content: '{"object":"page","id":"8eae77fe-f496-4af7-9eb4-901705382119","created_time":"2022-12-10T20:55:00.000Z","last_edited_time":"2022-12-10T20:55:00.000Z","created_by":{"object":"user","id":"6860cd48-ced8-41b3-b824-c7d039085db1"},"last_edited_by":{"object":"user","id":"6860cd48-ced8-41b3-b824-c7d039085db1"},"cover":null,"icon":null,"parent":{"type":"database_id","database_id":"2ad7e4c7-cead-4c28-9f90-7811dd9b9525"},"archived":false,"properties":{"Due
      Date":{"id":"B%3BWE","type":"date","date":null},"Notes":{"id":"V%40me","type":"rich_text","rich_text":[]},"Index":{"id":"%5ClFw","type":"number","number":null},"Complete":{"id":"gdT_","type":"checkbox","checkbox":false},"Tags":{"id":"u%3FDO","type":"multi_select","multi_select":[]},"Name":{"id":"title","type":"title","title":[]}},"url":"https://www.notion.so/8eae77fef4964af79eb4901705382119"}'
    headers: {}
    http_version: HTTP/1.1
    status_code: 200
- request:
    body: '{"icon": {"type": "emoji", "emoji": "\ud83c\udf54"}}'
    headers:
      accept:
      - '*/*'
      accept-encoding:
      - gzip, deflate
      authorization:
      - secret...
      connection:
      - keep-alive
      content-length:
      - '52'
      content-type:
      - application/json
      host:
      - api.notion.com
      notion-version:
      - '2022-02-22'
    method: PATCH
    uri: https://api.notion.com/v1/pages/8eae77fef4964af79eb4901705382119
  response:
    content: "{\"object\":\"page\",\"id\":\"8eae77fe-f496-4af7-9eb4-901705382119\",\"created_time\":\"2022-12-10T20:55:00.000Z\",\"last_edited_time\":\"2022-12-10T20:55:00.000Z\",\"created_by\":{\"object\":\"user\",\"id\":\"6860cd48-ced8-41b3-b824-c7d039085db1\"},\"last_edited_by\":{\"object\":\"user\",\"id\":\"6860cd48-ced8-41b3-b824-c7d039085db1\"},\"cover\":null,\"icon\":{\"type\":\"emoji\",\"emoji\":\"\U0001F354\"},\"parent\":{\"type\":\"database_id\",\"database_id\":\"2ad7e4c7-cead-4c28-9f90-7811dd9b9525\"},\"archived\":false,\"properties\":{\"Due
      Date\":{\"id\":\"B%3BWE\",\"type\":\"date\",\"date\":null},\"Notes\":{\"id\":\"V%40me\",\"type\":\"rich_text\",\"rich_text\":[]},\"Index\":{\"id\":\"%5ClFw\",\"type\":\"number\",\"number\":null},\"Complete\":{\"id\":\"gdT_\",\"type\":\"checkbox\",\"checkbox\":false},\"Tags\":{\"id\":\"u%3FDO\",\"type\":\"multi_select\",\"multi_select\":[]},\"Name\":{\"id\":\"title\",\"type\":\"title\",\"title\":[]}},\"url\":\"https://www.notion.so/8eae77fef4964af79eb4901705382119\"}"
    headers: {}
    http_version: HTTP/1.1
    status_code: 200
- request:
    body: '{"parent": {"type": "database_id", "database_id": "2ad7e4c7-cead-4c28-9f90-7811dd9b9525"},
      "properties": {}}'
    headers:
      accept:
      - '*/*'
      accept-encoding:
      - gzip, deflate
      authorization:
      - secret...
      connection:
      - keep-alive
      content-length:
      - '108'
      content-type:
      - application/json
      host:
      - api.notion.com
      notion-version:
      - '2022-02-22'
    method: POST
    uri: https://api.notion.com/v1/pages
  response:
    content: '{"object":"page","id":"e6b544ea-ef39-4a25-a3d3-666e28003887","created_time":"2022-12-10T20:55:00.000Z","last_edited_time":"2022-12-10T20:55:00.000Z","created_by":{"object":"user","id":"6860cd48-ced8-41b3-b824-c7d039085db1"},"last_edited_by":{"object":"user","id":"6860cd48-ced8-41b3-b824-c7d039085db1"},"cover":null,"icon":null,"parent":{"type":"database_id","database_id":"2ad7e4c7-cead-4c28-9f90-7811dd9b9525"},"archived":false,"properties":{"Due
      Date":{"id":"B%3BWE","type":"date","date":null},"Notes":{"id":"V%40me","type":"rich_text","rich_text":[]},"Index":{"id":"%5ClFw","type":"number","number":null},"Complete":{"id":"gdT_","type":"checkbox","checkbox":false},"Tags":{"id":"u%3FDO","type":"multi_select","multi_select":[]},"Name":{"id":"title","type":"title","title":[]}},"url":"https://www.notion.so/e6b544eaef394a25a3d3666e28003887"}'
    headers: {}
    http_version: HTTP/1.1
    status_code: 200
- request:
    body: '{"icon": {"type": "emoji", "emoji": "\ud83c\udf5f"}}'
    headers:
      accept:
      - '*/*'
      accept-encoding:
      - gzip, deflate
      authorization:
      - secret...
      connection:
      - keep-alive
      content-length:
      - '52'
      content-type:
      - application/json
      host:
      - api.notion.com
      notion-version:
      - '2022-02-22'
    method: PATCH
    uri: https://api.notion.com/v1/pages/e6b544eaef394a25a3d3666e28003887
  response:
    content: "{\"object\":\"page\",\"id\":\"e6b544ea-ef39-4a25-a3d3-666e28003887\",\"created_time\":\"2022-12-10T20:55:00.000Z\",\"last_edited_time\":\"2022-12-10T20:55:00.000Z\",\"created_by\":{\"object\":\"user\",\"id\":\"6860cd48-ced8-41b3-b824-c7d039085db1\"},\"last_edited_by\":{\"object\":\"user\",\"id\":\"6860cd48-ced8-41b3-b824-c7d039085db1\"},\"cover\":null,\"icon\":{\"type\":\"emoji\",\"emoji\":\"\U0001F35F\"},\"parent\":{\"type\":\"database_id\",\"database_id\":\"2ad7e4c7-cead-4c28-9f90-7811dd9b9525\"},\"archived\":false,\"properties\":{\"Due
      Date\":{\"id\":\"B%3BWE\",\"type\":\"date\",\"date\":null},\"Notes\":{\"id\":\"V%40me\",\"type\":\"rich_text\",\"rich_text\":[]},\"Index\":{\"id\":\"%5ClFw\",\"type\":\"number\",\"number\":null},\"Complete\":{\"id\":\"gdT_\",\"type\":\"checkbox\",\"checkbox\":false},\"Tags\":{\"id\":\"u%3FDO\",\"type\":\"multi_select\",\"multi_select\":[]},\"Name\":{\"id\":\"title\",\"type\":\"title\",\"title\":[]}},\"url\":\"https://www.notion.so/e6b544eaef394a25a3d3666e28003887\"}"
    headers: {}
    http_version: HTTP/1.1
    status_code: 200
- request:
    body: '{"parent": {"type": "database_id", "database_id": "2ad7e4c7-cead-4c28-9f90-7811dd9b9525"},
      "properties": {}}'
    headers:
      accept:
      - '*/*'
      accept-encoding:
      - gzip, deflate
      authorization:
      - secret...
      connection:
      - keep-alive
      content-length:
      - '108'
      content-type:
      - application/json
      host:
      - api.notion.com
      notion-version:
      - '2022-02-22'
    method: POST
    uri: https://api.notion.com/v1/pages
  response:
    content: '{"object":"page","id":"402f2672-a8e4-4907-b3b1-abb02a4937f4","created_time":"2022-12-10T20:55:00.000Z","last_edited_time":"2022-12-10T20:55:00.000Z","created_by":{"object":"user","id":"6860cd48-ced8-41b3-b824-c7d039085db1"},"last_edited_by":{"object":"user","id":"6860cd48-ced8-41b3-b824-c7d039085db1"},"cover":null,"icon":null,"parent":{"type":"database_id","database_id":"2ad7e4c7-cead-4c28-9f90-7811dd9b9525"},"archived":false,"properties":{"Due
      Date":{"id":"B%3BWE","type":"date","date":null},"Notes":{"id":"V%40me","type":"rich_text","rich_text":[]},"Index":{"id":"%5ClFw","type":"number","number":null},"Complete":{"id":"gdT_","type":"checkbox","checkbox":false},"Tags":{"id":"u%3FDO","type":"multi_select","multi_select":[]},"Name":{"id":"title","type":"title","title":[]}},"url":"https://www.notion.so/402f2672a8e44907b3b1abb02a4937f4"}'
    headers: {}
    http_version: HTTP/1.1
    status_code: 200
- request:
    body: '{"icon": {"type": "emoji", "emoji": "\ud83e\udd64"}}'
    headers:
      accept:
      - '*/*'
      accept-encoding:
      - gzip, deflate
      authorization:
      - secret...
      connection:
      - keep-alive
      content-length:
      - '52'
      content-type:
      - application/json
      host:
      - api.notion.com
      notion-version:
      - '2022-02-22'
    method: PATCH
    uri: https://api.notion.com/v1/pages/402f2672a8e44907b3b1abb02a4937f4
  response:
    content: "{\"object\":\"page\",\"id\":\"402f2672-a8e4-4907-b3b1-abb02a4937f4\",\"created_time\":\"2022-12-10T20:55:00.000Z\",\"last_edited_time\":\"2022-12-10T20:55:00.000Z\",\"created_by\":{\"object\":\"user\",\"id\":\"6860cd48-ced8-41b3-b824-c7d039085db1\"},\"last_edited_by\":{\"object\":\"user\",\"id\":\"6860cd48-ced8-41b3-b824-c7d039085db1\"},\"cover\":null,\"icon\":{\"type\":\"emoji\",\"emoji\":\"\U0001F964\"},\"parent\":{\"type\":\"database_id\",\"database_id\":\"2ad7e4c7-cead-4c28-9f90-7811dd9b9525\"},\"archived\":false,\"properties\":{\"Due
      Date\":{\"id\":\"B%3BWE\",\"type\":\"date\",\"date\":null},\"Notes\":{\"id\":\"V%40me\",\"type\":\"rich_text\",\"rich_text\":[]},\"Index\":{\"id\":\"%5ClFw\",\"type\":\"number\",\"number\":null},\"Complete\":{\"id\":\"gdT_\",\"type\":\"checkbox\",\"checkbox\":false},\"Tags\":{\"id\":\"u%3FDO\",\"type\":\"multi_select\",\"multi_select\":[]},\"Name\":{\"id\":\"title\",\"type\":\"title\",\"title\":[]}},\"url\":\"https://www.notion.so/402f2672a8e44907b3b1abb02a4937f4\"}"
    headers: {}
    http_version: HTTP/1.1
    status_code: 200
- request:
    body: ''
    headers:
      accept:
      - '*/*'
      accept-encoding:
      - gzip, deflate
      authorization:
      - secret...
      connection:
      - keep-alive
      host:
      - api.notion.com
      notion-version:
      - '2022-02-22'
    method: GET
    uri: https://api.notion.com/v1/pages/8eae77fe-f496-4af7-9eb4-901705382119
  response:
    content: "{\"object\":\"page\",\"id\":\"8eae77fe-f496-4af7-9eb4-901705382119\",\"created_time\":\"2022-12-10T20:55:00.000Z\",\"last_edited_time\":\"2022-12-10T20:55:00.000Z\",\"created_by\":{\"object\":\"user\",\"id\":\"6860cd48-ced8-41b3-b824-c7d039085db1\"},\"last_edited_by\":{\"object\":\"user\",\"id\":\"6860cd48-ced8-41b3-b824-c7d039085db1\"},\"cover\":null,\"icon\":{\"type\":\"emoji\",\"emoji\":\"\U0001F354\"},\"parent\":{\"type\":\"database_id\",\"database_id\":\"2ad7e4c7-cead-4c28-9f90-7811dd9b9525\"},\"archived\":false,\"properties\":{\"Due
      Date\":{\"id\":\"B%3BWE\",\"type\":\"date\",\"date\":null},\"Notes\":{\"id\":\"V%40me\",\"type\":\"rich_text\",\"rich_text\":[]},\"Index\":{\"id\":\"%5ClFw\",\"type\":\"number\",\"number\":null},\"Complete\":{\"id\":\"gdT_\",\"type\":\"checkbox\",\"checkbox\":false},\"Tags\":{\"id\":\"u%3FDO\",\"type\":\"multi_select\",\"multi_select\":[]},\"Name\":{\"id\":\"title\",\"type\":\"title\",\"title\":[]}},\"url\":\"https://www.notion.so/8eae77fef4964af79eb4901705382119\"}"
    headers: {}
    http_version: HTTP/1.1
    status_code: 200
- request:
    body: ''
    headers:
      accept:
      - '*/*'
      accept-encoding:
      - gzip, deflate
      authorization:
      - secret...
      connection:
      - keep-alive
      host:
      - api.notion.com
      notion-version:
      - '2022-02-22'
    method: DELETE
    uri: https://api.notion.com/v1/blocks/2ad7e4c7cead4c289f907811dd9b9525
  response:
    content: '{"object":"block","id":"2ad7e4c7-cead-4c28-9f90-7811dd9b9525","parent":{"type":"page_id","page_id":"250662d9-783d-483c-b131-341ed479f96c"},"created_time":"2022-12-10T20:55:00.000Z","last_edited_time":"2022-12-10T20:55:00.000Z","created_by":{"object":"user","id":"6860cd48-ced8-41b3-b824-c7d039085db1"},"last_edited_by":{"object":"user","id":"6860cd48-ced8-41b3-b824-c7d039085db1"},"has_children":false,"archived":true,"type":"child_database","child_database":{"title":"tests/test_orm.py::test_orm_icon
      (setup)"}}'
    headers: {}
    http_version: HTTP/1.1
    status_code: 200
- request:
    body: '{"parent": {"type": "page_id", "page_id": "250662d9-783d-483c-b131-341ed479f96c"},
      "title": [{"type": "text", "plain_text": "tests/test_orm.py::test_orm_icon (setup)",
      "text": {"content": "tests/test_orm.py::test_orm_icon (setup)"}}], "properties":
      {"Name": {"type": "title", "title": {}}, "Index": {"type": "number", "number":
      {"format": "number"}}, "Notes": {"type": "rich_text", "rich_text": {}}, "Complete":
      {"type": "checkbox", "checkbox": {}}, "Due Date": {"type": "date", "date": {}},
      "Tags": {"type": "multi_select", "multi_select": {"options": []}}}}'
    headers:
      accept:
      - '*/*'
      accept-encoding:
      - gzip, deflate
      authorization:
      - secret...
      connection:
      - keep-alive
      content-length:
      - '559'
      content-type:
      - application/json
      host:
      - api.notion.com
      notion-version:
      - '2022-06-28'
    method: POST
    uri: https://api.notion.com/v1/databases
  response:
    content: '{"object":"database","id":"f51e85a9-61e5-4833-942b-c14e62e89cbb","cover":null,"icon":null,"created_time":"2022-12-10T20:56:00.000Z","created_by":{"object":"user","id":"6860cd48-ced8-41b3-b824-c7d039085db1"},"last_edited_by":{"object":"user","id":"6860cd48-ced8-41b3-b824-c7d039085db1"},"last_edited_time":"2022-12-10T20:56:00.000Z","title":[{"type":"text","text":{"content":"tests/test_orm.py::test_orm_icon
      (setup)","link":null},"annotations":{"bold":false,"italic":false,"strikethrough":false,"underline":false,"code":false,"color":"default"},"plain_text":"tests/test_orm.py::test_orm_icon
      (setup)","href":null}],"description":[],"is_inline":false,"properties":{"Tags":{"id":"%3BM%7D%3D","name":"Tags","type":"multi_select","multi_select":{"options":[]}},"Notes":{"id":"OTUa","name":"Notes","type":"rich_text","rich_text":{}},"Due
      Date":{"id":"c%3BhC","name":"Due Date","type":"date","date":{}},"Complete":{"id":"vMFv","name":"Complete","type":"checkbox","checkbox":{}},"Index":{"id":"~%3EZp","name":"Index","type":"number","number":{"format":"number"}},"Name":{"id":"title","name":"Name","type":"title","title":{}}},"parent":{"type":"page_id","page_id":"250662d9-783d-483c-b131-341ed479f96c"},"url":"https://www.notion.so/f51e85a961e54833942bc14e62e89cbb","archived":false}'
    headers: {}
    http_version: HTTP/1.1
    status_code: 200
- request:
    body: '{"parent": {"type": "database_id", "database_id": "f51e85a9-61e5-4833-942b-c14e62e89cbb"},
      "properties": {}}'
    headers:
      accept:
      - '*/*'
      accept-encoding:
      - gzip, deflate
      authorization:
      - secret...
      connection:
      - keep-alive
      content-length:
      - '108'
      content-type:
      - application/json
      host:
      - api.notion.com
      notion-version:
      - '2022-06-28'
    method: POST
    uri: https://api.notion.com/v1/pages
  response:
    content: '{"object":"page","id":"b9dff2ec-81bb-4d3c-b4f0-9c008afbcf2a","created_time":"2022-12-10T20:56:00.000Z","last_edited_time":"2022-12-10T20:56:00.000Z","created_by":{"object":"user","id":"6860cd48-ced8-41b3-b824-c7d039085db1"},"last_edited_by":{"object":"user","id":"6860cd48-ced8-41b3-b824-c7d039085db1"},"cover":null,"icon":null,"parent":{"type":"database_id","database_id":"f51e85a9-61e5-4833-942b-c14e62e89cbb"},"archived":false,"properties":{"Tags":{"id":"%3BM%7D%3D","type":"multi_select","multi_select":[]},"Notes":{"id":"OTUa","type":"rich_text","rich_text":[]},"Due
      Date":{"id":"c%3BhC","type":"date","date":null},"Complete":{"id":"vMFv","type":"checkbox","checkbox":false},"Index":{"id":"~%3EZp","type":"number","number":null},"Name":{"id":"title","type":"title","title":[]}},"url":"https://www.notion.so/b9dff2ec81bb4d3cb4f09c008afbcf2a"}'
    headers: {}
    http_version: HTTP/1.1
    status_code: 200
- request:
    body: '{"icon": {"type": "emoji", "emoji": "\ud83c\udf54"}}'
    headers:
      accept:
      - '*/*'
      accept-encoding:
      - gzip, deflate
      authorization:
      - secret...
      connection:
      - keep-alive
      content-length:
      - '52'
      content-type:
      - application/json
      host:
      - api.notion.com
      notion-version:
      - '2022-06-28'
    method: PATCH
    uri: https://api.notion.com/v1/pages/b9dff2ec81bb4d3cb4f09c008afbcf2a
  response:
    content: "{\"object\":\"page\",\"id\":\"b9dff2ec-81bb-4d3c-b4f0-9c008afbcf2a\",\"created_time\":\"2022-12-10T20:56:00.000Z\",\"last_edited_time\":\"2022-12-10T20:56:00.000Z\",\"created_by\":{\"object\":\"user\",\"id\":\"6860cd48-ced8-41b3-b824-c7d039085db1\"},\"last_edited_by\":{\"object\":\"user\",\"id\":\"6860cd48-ced8-41b3-b824-c7d039085db1\"},\"cover\":null,\"icon\":{\"type\":\"emoji\",\"emoji\":\"\U0001F354\"},\"parent\":{\"type\":\"database_id\",\"database_id\":\"f51e85a9-61e5-4833-942b-c14e62e89cbb\"},\"archived\":false,\"properties\":{\"Tags\":{\"id\":\"%3BM%7D%3D\",\"type\":\"multi_select\",\"multi_select\":[]},\"Notes\":{\"id\":\"OTUa\",\"type\":\"rich_text\",\"rich_text\":[]},\"Due
      Date\":{\"id\":\"c%3BhC\",\"type\":\"date\",\"date\":null},\"Complete\":{\"id\":\"vMFv\",\"type\":\"checkbox\",\"checkbox\":false},\"Index\":{\"id\":\"~%3EZp\",\"type\":\"number\",\"number\":null},\"Name\":{\"id\":\"title\",\"type\":\"title\",\"title\":[]}},\"url\":\"https://www.notion.so/b9dff2ec81bb4d3cb4f09c008afbcf2a\"}"
    headers: {}
    http_version: HTTP/1.1
    status_code: 200
- request:
    body: '{"parent": {"type": "database_id", "database_id": "f51e85a9-61e5-4833-942b-c14e62e89cbb"},
      "properties": {}}'
    headers:
      accept:
      - '*/*'
      accept-encoding:
      - gzip, deflate
      authorization:
      - secret...
      connection:
      - keep-alive
      content-length:
      - '108'
      content-type:
      - application/json
      host:
      - api.notion.com
      notion-version:
      - '2022-06-28'
    method: POST
    uri: https://api.notion.com/v1/pages
  response:
    content: '{"object":"page","id":"72357fcd-0c5a-4cce-8281-11ba2c7d3374","created_time":"2022-12-10T20:56:00.000Z","last_edited_time":"2022-12-10T20:56:00.000Z","created_by":{"object":"user","id":"6860cd48-ced8-41b3-b824-c7d039085db1"},"last_edited_by":{"object":"user","id":"6860cd48-ced8-41b3-b824-c7d039085db1"},"cover":null,"icon":null,"parent":{"type":"database_id","database_id":"f51e85a9-61e5-4833-942b-c14e62e89cbb"},"archived":false,"properties":{"Tags":{"id":"%3BM%7D%3D","type":"multi_select","multi_select":[]},"Notes":{"id":"OTUa","type":"rich_text","rich_text":[]},"Due
      Date":{"id":"c%3BhC","type":"date","date":null},"Complete":{"id":"vMFv","type":"checkbox","checkbox":false},"Index":{"id":"~%3EZp","type":"number","number":null},"Name":{"id":"title","type":"title","title":[]}},"url":"https://www.notion.so/72357fcd0c5a4cce828111ba2c7d3374"}'
    headers: {}
    http_version: HTTP/1.1
    status_code: 200
- request:
    body: '{"icon": {"type": "emoji", "emoji": "\ud83c\udf5f"}}'
    headers:
      accept:
      - '*/*'
      accept-encoding:
      - gzip, deflate
      authorization:
      - secret...
      connection:
      - keep-alive
      content-length:
      - '52'
      content-type:
      - application/json
      host:
      - api.notion.com
      notion-version:
      - '2022-06-28'
    method: PATCH
    uri: https://api.notion.com/v1/pages/72357fcd0c5a4cce828111ba2c7d3374
  response:
    content: "{\"object\":\"page\",\"id\":\"72357fcd-0c5a-4cce-8281-11ba2c7d3374\",\"created_time\":\"2022-12-10T20:56:00.000Z\",\"last_edited_time\":\"2022-12-10T20:56:00.000Z\",\"created_by\":{\"object\":\"user\",\"id\":\"6860cd48-ced8-41b3-b824-c7d039085db1\"},\"last_edited_by\":{\"object\":\"user\",\"id\":\"6860cd48-ced8-41b3-b824-c7d039085db1\"},\"cover\":null,\"icon\":{\"type\":\"emoji\",\"emoji\":\"\U0001F35F\"},\"parent\":{\"type\":\"database_id\",\"database_id\":\"f51e85a9-61e5-4833-942b-c14e62e89cbb\"},\"archived\":false,\"properties\":{\"Tags\":{\"id\":\"%3BM%7D%3D\",\"type\":\"multi_select\",\"multi_select\":[]},\"Notes\":{\"id\":\"OTUa\",\"type\":\"rich_text\",\"rich_text\":[]},\"Due
      Date\":{\"id\":\"c%3BhC\",\"type\":\"date\",\"date\":null},\"Complete\":{\"id\":\"vMFv\",\"type\":\"checkbox\",\"checkbox\":false},\"Index\":{\"id\":\"~%3EZp\",\"type\":\"number\",\"number\":null},\"Name\":{\"id\":\"title\",\"type\":\"title\",\"title\":[]}},\"url\":\"https://www.notion.so/72357fcd0c5a4cce828111ba2c7d3374\"}"
    headers: {}
    http_version: HTTP/1.1
    status_code: 200
- request:
    body: '{"parent": {"type": "database_id", "database_id": "f51e85a9-61e5-4833-942b-c14e62e89cbb"},
      "properties": {}}'
    headers:
      accept:
      - '*/*'
      accept-encoding:
      - gzip, deflate
      authorization:
      - secret...
      connection:
      - keep-alive
      content-length:
      - '108'
      content-type:
      - application/json
      host:
      - api.notion.com
      notion-version:
      - '2022-06-28'
    method: POST
    uri: https://api.notion.com/v1/pages
  response:
    content: '{"object":"page","id":"7a094013-755d-49f3-b0e2-50afa1910961","created_time":"2022-12-10T20:56:00.000Z","last_edited_time":"2022-12-10T20:56:00.000Z","created_by":{"object":"user","id":"6860cd48-ced8-41b3-b824-c7d039085db1"},"last_edited_by":{"object":"user","id":"6860cd48-ced8-41b3-b824-c7d039085db1"},"cover":null,"icon":null,"parent":{"type":"database_id","database_id":"f51e85a9-61e5-4833-942b-c14e62e89cbb"},"archived":false,"properties":{"Tags":{"id":"%3BM%7D%3D","type":"multi_select","multi_select":[]},"Notes":{"id":"OTUa","type":"rich_text","rich_text":[]},"Due
      Date":{"id":"c%3BhC","type":"date","date":null},"Complete":{"id":"vMFv","type":"checkbox","checkbox":false},"Index":{"id":"~%3EZp","type":"number","number":null},"Name":{"id":"title","type":"title","title":[]}},"url":"https://www.notion.so/7a094013755d49f3b0e250afa1910961"}'
    headers: {}
    http_version: HTTP/1.1
    status_code: 200
- request:
    body: '{"icon": {"type": "emoji", "emoji": "\ud83e\udd64"}}'
    headers:
      accept:
      - '*/*'
      accept-encoding:
      - gzip, deflate
      authorization:
      - secret...
      connection:
      - keep-alive
      content-length:
      - '52'
      content-type:
      - application/json
      host:
      - api.notion.com
      notion-version:
      - '2022-06-28'
    method: PATCH
    uri: https://api.notion.com/v1/pages/7a094013755d49f3b0e250afa1910961
  response:
    content: "{\"object\":\"page\",\"id\":\"7a094013-755d-49f3-b0e2-50afa1910961\",\"created_time\":\"2022-12-10T20:56:00.000Z\",\"last_edited_time\":\"2022-12-10T20:56:00.000Z\",\"created_by\":{\"object\":\"user\",\"id\":\"6860cd48-ced8-41b3-b824-c7d039085db1\"},\"last_edited_by\":{\"object\":\"user\",\"id\":\"6860cd48-ced8-41b3-b824-c7d039085db1\"},\"cover\":null,\"icon\":{\"type\":\"emoji\",\"emoji\":\"\U0001F964\"},\"parent\":{\"type\":\"database_id\",\"database_id\":\"f51e85a9-61e5-4833-942b-c14e62e89cbb\"},\"archived\":false,\"properties\":{\"Tags\":{\"id\":\"%3BM%7D%3D\",\"type\":\"multi_select\",\"multi_select\":[]},\"Notes\":{\"id\":\"OTUa\",\"type\":\"rich_text\",\"rich_text\":[]},\"Due
      Date\":{\"id\":\"c%3BhC\",\"type\":\"date\",\"date\":null},\"Complete\":{\"id\":\"vMFv\",\"type\":\"checkbox\",\"checkbox\":false},\"Index\":{\"id\":\"~%3EZp\",\"type\":\"number\",\"number\":null},\"Name\":{\"id\":\"title\",\"type\":\"title\",\"title\":[]}},\"url\":\"https://www.notion.so/7a094013755d49f3b0e250afa1910961\"}"
    headers: {}
    http_version: HTTP/1.1
    status_code: 200
- request:
    body: ''
    headers:
      accept:
      - '*/*'
      accept-encoding:
      - gzip, deflate
      authorization:
      - secret...
      connection:
      - keep-alive
      host:
      - api.notion.com
      notion-version:
      - '2022-06-28'
    method: GET
    uri: https://api.notion.com/v1/pages/b9dff2ec-81bb-4d3c-b4f0-9c008afbcf2a
  response:
    content: "{\"object\":\"page\",\"id\":\"b9dff2ec-81bb-4d3c-b4f0-9c008afbcf2a\",\"created_time\":\"2022-12-10T20:56:00.000Z\",\"last_edited_time\":\"2022-12-10T20:56:00.000Z\",\"created_by\":{\"object\":\"user\",\"id\":\"6860cd48-ced8-41b3-b824-c7d039085db1\"},\"last_edited_by\":{\"object\":\"user\",\"id\":\"6860cd48-ced8-41b3-b824-c7d039085db1\"},\"cover\":null,\"icon\":{\"type\":\"emoji\",\"emoji\":\"\U0001F354\"},\"parent\":{\"type\":\"database_id\",\"database_id\":\"f51e85a9-61e5-4833-942b-c14e62e89cbb\"},\"archived\":false,\"properties\":{\"Tags\":{\"id\":\"%3BM%7D%3D\",\"type\":\"multi_select\",\"multi_select\":[]},\"Notes\":{\"id\":\"OTUa\",\"type\":\"rich_text\",\"rich_text\":[]},\"Due
      Date\":{\"id\":\"c%3BhC\",\"type\":\"date\",\"date\":null},\"Complete\":{\"id\":\"vMFv\",\"type\":\"checkbox\",\"checkbox\":false},\"Index\":{\"id\":\"~%3EZp\",\"type\":\"number\",\"number\":null},\"Name\":{\"id\":\"title\",\"type\":\"title\",\"title\":[]}},\"url\":\"https://www.notion.so/b9dff2ec81bb4d3cb4f09c008afbcf2a\"}"
    headers: {}
    http_version: HTTP/1.1
    status_code: 200
- request:
    body: ''
    headers:
      accept:
      - '*/*'
      accept-encoding:
      - gzip, deflate
      authorization:
      - secret...
      connection:
      - keep-alive
      host:
      - api.notion.com
      notion-version:
      - '2022-06-28'
    method: DELETE
    uri: https://api.notion.com/v1/blocks/f51e85a961e54833942bc14e62e89cbb
  response:
    content: '{"object":"block","id":"f51e85a9-61e5-4833-942b-c14e62e89cbb","parent":{"type":"page_id","page_id":"250662d9-783d-483c-b131-341ed479f96c"},"created_time":"2022-12-10T20:56:00.000Z","last_edited_time":"2022-12-10T20:56:00.000Z","created_by":{"object":"user","id":"6860cd48-ced8-41b3-b824-c7d039085db1"},"last_edited_by":{"object":"user","id":"6860cd48-ced8-41b3-b824-c7d039085db1"},"has_children":false,"archived":true,"type":"child_database","child_database":{"title":"tests/test_orm.py::test_orm_icon
      (setup)"}}'
    headers: {}
    http_version: HTTP/1.1
    status_code: 200
version: 1
