interactions:
- request:
    body: ''
    headers:
      accept:
      - '*/*'
      accept-encoding:
      - gzip, deflate
      authorization:
      - secret...
      connection:
      - keep-alive
      host:
      - api.notion.com
      notion-version:
      - '2022-06-28'
    method: GET
    uri: https://api.notion.com/v1/pages/250662d9-783d-483c-b131-341ed479f96c
  response:
    content: '{"object":"page","id":"250662d9-783d-483c-b131-341ed479f96c","created_time":"2021-08-03T13:21:00.000Z","last_edited_time":"2023-01-19T01:19:00.000Z","created_by":{"object":"user","id":"ea74294e-d4c7-41f0-8929-805c80ea0d7f"},"last_edited_by":{"object":"user","id":"6860cd48-ced8-41b3-b824-c7d039085db1"},"cover":{"type":"external","external":{"url":"https://images.unsplash.com/photo-1562380156-9a99cd92484c?ixlib=rb-1.2.1&q=85&fm=jpg&crop=entropy&cs=srgb"}},"icon":null,"parent":{"type":"page_id","page_id":"931a3b8b-875e-462d-a31d-29b49475d922"},"archived":false,"properties":{"title":{"id":"title","type":"title","title":[{"type":"text","text":{"content":"Notional","link":null},"annotations":{"bold":false,"italic":false,"strikethrough":false,"underline":false,"code":false,"color":"default"},"plain_text":"Notional","href":null}]}},"url":"https://www.notion.so/Notional-250662d9783d483cb131341ed479f96c"}'
    headers: {}
    http_version: HTTP/1.1
    status_code: 200
- request:
    body: '{"children": [{"type": "callout", "object": "block", "has_children": false,
      "archived": false, "callout": {"rich_text": [{"type": "text", "plain_text":
      "Attention!", "text": {"content": "Attention!"}}], "icon": {"type": "emoji",
      "emoji": "\u26a0\ufe0f"}, "color": "gray_background"}}]}'
    headers:
      accept:
      - '*/*'
      accept-encoding:
      - gzip, deflate
      authorization:
      - secret...
      connection:
      - keep-alive
      content-length:
      - '285'
      content-type:
      - application/json
      cookie:
      - __cf_bm=quvzfu1pVFOi9zjoEMW30rnBe5oXD4MQk4KSyk2SxpI-1674091184-0-AY3KBSFuWSXEhQoZajcbV+kue9CUoISFBTM5b/fF8JBDBiH1CgrOwf+j6MnxJ/iMdYXnXHciR3hga+ua8tWSqcA=
      host:
      - api.notion.com
      notion-version:
      - '2022-06-28'
    method: PATCH
    uri: https://api.notion.com/v1/blocks/250662d9-783d-483c-b131-341ed479f96c/children
  response:
    content: "{\"object\":\"list\",\"results\":[{\"object\":\"block\",\"id\":\"3436a06d-02b2-45b7-b338-249c5777e9f9\",\"parent\":{\"type\":\"page_id\",\"page_id\":\"250662d9-783d-483c-b131-341ed479f96c\"},\"created_time\":\"2023-01-19T01:19:00.000Z\",\"last_edited_time\":\"2023-01-19T01:19:00.000Z\",\"created_by\":{\"object\":\"user\",\"id\":\"6860cd48-ced8-41b3-b824-c7d039085db1\"},\"last_edited_by\":{\"object\":\"user\",\"id\":\"6860cd48-ced8-41b3-b824-c7d039085db1\"},\"has_children\":false,\"archived\":false,\"type\":\"callout\",\"callout\":{\"rich_text\":[{\"type\":\"text\",\"text\":{\"content\":\"Attention!\",\"link\":null},\"annotations\":{\"bold\":false,\"italic\":false,\"strikethrough\":false,\"underline\":false,\"code\":false,\"color\":\"default\"},\"plain_text\":\"Attention!\",\"href\":null}],\"icon\":{\"type\":\"emoji\",\"emoji\":\"\u26A0\uFE0F\"},\"color\":\"gray_background\"}}],\"next_cursor\":null,\"has_more\":false,\"type\":\"block\",\"block\":{}}"
    headers: {}
    http_version: HTTP/1.1
    status_code: 200
- request:
    body: ''
    headers:
      accept:
      - '*/*'
      accept-encoding:
      - gzip, deflate
      authorization:
      - secret...
      connection:
      - keep-alive
      cookie:
      - __cf_bm=quvzfu1pVFOi9zjoEMW30rnBe5oXD4MQk4KSyk2SxpI-1674091184-0-AY3KBSFuWSXEhQoZajcbV+kue9CUoISFBTM5b/fF8JBDBiH1CgrOwf+j6MnxJ/iMdYXnXHciR3hga+ua8tWSqcA=
      host:
      - api.notion.com
      notion-version:
      - '2022-06-28'
    method: GET
    uri: https://api.notion.com/v1/blocks/3436a06d-02b2-45b7-b338-249c5777e9f9
  response:
    content: "{\"object\":\"block\",\"id\":\"3436a06d-02b2-45b7-b338-249c5777e9f9\",\"parent\":{\"type\":\"page_id\",\"page_id\":\"250662d9-783d-483c-b131-341ed479f96c\"},\"created_time\":\"2023-01-19T01:19:00.000Z\",\"last_edited_time\":\"2023-01-19T01:19:00.000Z\",\"created_by\":{\"object\":\"user\",\"id\":\"6860cd48-ced8-41b3-b824-c7d039085db1\"},\"last_edited_by\":{\"object\":\"user\",\"id\":\"6860cd48-ced8-41b3-b824-c7d039085db1\"},\"has_children\":false,\"archived\":false,\"type\":\"callout\",\"callout\":{\"rich_text\":[{\"type\":\"text\",\"text\":{\"content\":\"Attention!\",\"link\":null},\"annotations\":{\"bold\":false,\"italic\":false,\"strikethrough\":false,\"underline\":false,\"code\":false,\"color\":\"default\"},\"plain_text\":\"Attention!\",\"href\":null}],\"icon\":{\"type\":\"emoji\",\"emoji\":\"\u26A0\uFE0F\"},\"color\":\"gray_background\"}}"
    headers: {}
    http_version: HTTP/1.1
    status_code: 200
- request:
    body: ''
    headers:
      accept:
      - '*/*'
      accept-encoding:
      - gzip, deflate
      authorization:
      - secret...
      connection:
      - keep-alive
      cookie:
      - __cf_bm=quvzfu1pVFOi9zjoEMW30rnBe5oXD4MQk4KSyk2SxpI-1674091184-0-AY3KBSFuWSXEhQoZajcbV+kue9CUoISFBTM5b/fF8JBDBiH1CgrOwf+j6MnxJ/iMdYXnXHciR3hga+ua8tWSqcA=
      host:
      - api.notion.com
      notion-version:
      - '2022-06-28'
    method: DELETE
    uri: https://api.notion.com/v1/blocks/3436a06d-02b2-45b7-b338-249c5777e9f9
  response:
    content: "{\"object\":\"block\",\"id\":\"3436a06d-02b2-45b7-b338-249c5777e9f9\",\"parent\":{\"type\":\"page_id\",\"page_id\":\"250662d9-783d-483c-b131-341ed479f96c\"},\"created_time\":\"2023-01-19T01:19:00.000Z\",\"last_edited_time\":\"2023-01-19T01:19:00.000Z\",\"created_by\":{\"object\":\"user\",\"id\":\"6860cd48-ced8-41b3-b824-c7d039085db1\"},\"last_edited_by\":{\"object\":\"user\",\"id\":\"6860cd48-ced8-41b3-b824-c7d039085db1\"},\"has_children\":false,\"archived\":true,\"type\":\"callout\",\"callout\":{\"rich_text\":[{\"type\":\"text\",\"text\":{\"content\":\"Attention!\",\"link\":null},\"annotations\":{\"bold\":false,\"italic\":false,\"strikethrough\":false,\"underline\":false,\"code\":false,\"color\":\"default\"},\"plain_text\":\"Attention!\",\"href\":null}],\"icon\":{\"type\":\"emoji\",\"emoji\":\"\u26A0\uFE0F\"},\"color\":\"gray_background\"}}"
    headers: {}
    http_version: HTTP/1.1
    status_code: 200
version: 1
