interactions:
- request:
    body: '{"parent": {"type": "page_id", "page_id": "250662d9-783d-483c-b131-341ed479f96c"},
      "title": [{"type": "text", "plain_text": "tests/test_database.py::test_restore_database
      (setup)", "text": {"content": "tests/test_database.py::test_restore_database
      (setup)"}}], "properties": {"Name": {"type": "title", "title": {}}}}'
    headers:
      accept:
      - '*/*'
      accept-encoding:
      - gzip, deflate
      authorization:
      - secret...
      connection:
      - keep-alive
      content-length:
      - '316'
      content-type:
      - application/json
      host:
      - api.notion.com
      notion-version:
      - '2022-06-28'
    method: POST
    uri: https://api.notion.com/v1/databases
  response:
    content: '{"object":"database","id":"eea82536-8044-4423-a600-b2803b2deb16","cover":null,"icon":null,"created_time":"2022-12-23T02:05:00.000Z","created_by":{"object":"user","id":"6860cd48-ced8-41b3-b824-c7d039085db1"},"last_edited_by":{"object":"user","id":"6860cd48-ced8-41b3-b824-c7d039085db1"},"last_edited_time":"2022-12-23T02:05:00.000Z","title":[{"type":"text","text":{"content":"tests/test_database.py::test_restore_database
      (setup)","link":null},"annotations":{"bold":false,"italic":false,"strikethrough":false,"underline":false,"code":false,"color":"default"},"plain_text":"tests/test_database.py::test_restore_database
      (setup)","href":null}],"description":[],"is_inline":false,"properties":{"Name":{"id":"title","name":"Name","type":"title","title":{}}},"parent":{"type":"page_id","page_id":"250662d9-783d-483c-b131-341ed479f96c"},"url":"https://www.notion.so/eea8253680444423a600b2803b2deb16","archived":false}'
    headers: {}
    http_version: HTTP/1.1
    status_code: 200
- request:
    body: ''
    headers:
      accept:
      - '*/*'
      accept-encoding:
      - gzip, deflate
      authorization:
      - secret...
      connection:
      - keep-alive
      host:
      - api.notion.com
      notion-version:
      - '2022-06-28'
    method: DELETE
    uri: https://api.notion.com/v1/blocks/eea8253680444423a600b2803b2deb16
  response:
    content: '{"object":"block","id":"eea82536-8044-4423-a600-b2803b2deb16","parent":{"type":"page_id","page_id":"250662d9-783d-483c-b131-341ed479f96c"},"created_time":"2022-12-23T02:05:00.000Z","last_edited_time":"2022-12-23T02:05:00.000Z","created_by":{"object":"user","id":"6860cd48-ced8-41b3-b824-c7d039085db1"},"last_edited_by":{"object":"user","id":"6860cd48-ced8-41b3-b824-c7d039085db1"},"has_children":false,"archived":true,"type":"child_database","child_database":{"title":"tests/test_database.py::test_restore_database
      (setup)"}}'
    headers: {}
    http_version: HTTP/1.1
    status_code: 200
- request:
    body: ''
    headers:
      accept:
      - '*/*'
      accept-encoding:
      - gzip, deflate
      authorization:
      - secret...
      connection:
      - keep-alive
      host:
      - api.notion.com
      notion-version:
      - '2022-06-28'
    method: GET
    uri: https://api.notion.com/v1/databases/eea82536-8044-4423-a600-b2803b2deb16
  response:
    content: '{"object":"database","id":"eea82536-8044-4423-a600-b2803b2deb16","cover":null,"icon":null,"created_time":"2022-12-23T02:05:00.000Z","created_by":{"object":"user","id":"6860cd48-ced8-41b3-b824-c7d039085db1"},"last_edited_by":{"object":"user","id":"6860cd48-ced8-41b3-b824-c7d039085db1"},"last_edited_time":"2022-12-23T02:05:00.000Z","title":[{"type":"text","text":{"content":"tests/test_database.py::test_restore_database
      (setup)","link":null},"annotations":{"bold":false,"italic":false,"strikethrough":false,"underline":false,"code":false,"color":"default"},"plain_text":"tests/test_database.py::test_restore_database
      (setup)","href":null}],"description":[],"is_inline":false,"properties":{"Name":{"id":"title","name":"Name","type":"title","title":{}}},"parent":{"type":"page_id","page_id":"250662d9-783d-483c-b131-341ed479f96c"},"url":"https://www.notion.so/eea8253680444423a600b2803b2deb16","archived":true}'
    headers: {}
    http_version: HTTP/1.1
    status_code: 200
- request:
    body: '{"archived": false}'
    headers:
      accept:
      - '*/*'
      accept-encoding:
      - gzip, deflate
      authorization:
      - secret...
      connection:
      - keep-alive
      content-length:
      - '19'
      content-type:
      - application/json
      host:
      - api.notion.com
      notion-version:
      - '2022-06-28'
    method: PATCH
    uri: https://api.notion.com/v1/blocks/eea8253680444423a600b2803b2deb16
  response:
    content: '{"object":"block","id":"eea82536-8044-4423-a600-b2803b2deb16","parent":{"type":"page_id","page_id":"250662d9-783d-483c-b131-341ed479f96c"},"created_time":"2022-12-23T02:05:00.000Z","last_edited_time":"2022-12-23T02:05:00.000Z","created_by":{"object":"user","id":"6860cd48-ced8-41b3-b824-c7d039085db1"},"last_edited_by":{"object":"user","id":"6860cd48-ced8-41b3-b824-c7d039085db1"},"has_children":false,"archived":false,"type":"child_database","child_database":{"title":"tests/test_database.py::test_restore_database
      (setup)"}}'
    headers: {}
    http_version: HTTP/1.1
    status_code: 200
- request:
    body: ''
    headers:
      accept:
      - '*/*'
      accept-encoding:
      - gzip, deflate
      authorization:
      - secret...
      connection:
      - keep-alive
      host:
      - api.notion.com
      notion-version:
      - '2022-06-28'
    method: GET
    uri: https://api.notion.com/v1/databases/eea82536-8044-4423-a600-b2803b2deb16
  response:
    content: '{"object":"database","id":"eea82536-8044-4423-a600-b2803b2deb16","cover":null,"icon":null,"created_time":"2022-12-23T02:05:00.000Z","created_by":{"object":"user","id":"6860cd48-ced8-41b3-b824-c7d039085db1"},"last_edited_by":{"object":"user","id":"6860cd48-ced8-41b3-b824-c7d039085db1"},"last_edited_time":"2022-12-23T02:05:00.000Z","title":[{"type":"text","text":{"content":"tests/test_database.py::test_restore_database
      (setup)","link":null},"annotations":{"bold":false,"italic":false,"strikethrough":false,"underline":false,"code":false,"color":"default"},"plain_text":"tests/test_database.py::test_restore_database
      (setup)","href":null}],"description":[],"is_inline":false,"properties":{"Name":{"id":"title","name":"Name","type":"title","title":{}}},"parent":{"type":"page_id","page_id":"250662d9-783d-483c-b131-341ed479f96c"},"url":"https://www.notion.so/eea8253680444423a600b2803b2deb16","archived":false}'
    headers: {}
    http_version: HTTP/1.1
    status_code: 200
- request:
    body: ''
    headers:
      accept:
      - '*/*'
      accept-encoding:
      - gzip, deflate
      authorization:
      - secret...
      connection:
      - keep-alive
      host:
      - api.notion.com
      notion-version:
      - '2022-06-28'
    method: DELETE
    uri: https://api.notion.com/v1/blocks/eea8253680444423a600b2803b2deb16
  response:
    content: '{"object":"block","id":"eea82536-8044-4423-a600-b2803b2deb16","parent":{"type":"page_id","page_id":"250662d9-783d-483c-b131-341ed479f96c"},"created_time":"2022-12-23T02:05:00.000Z","last_edited_time":"2022-12-23T02:05:00.000Z","created_by":{"object":"user","id":"6860cd48-ced8-41b3-b824-c7d039085db1"},"last_edited_by":{"object":"user","id":"6860cd48-ced8-41b3-b824-c7d039085db1"},"has_children":false,"archived":true,"type":"child_database","child_database":{"title":"tests/test_database.py::test_restore_database
      (setup)"}}'
    headers: {}
    http_version: HTTP/1.1
    status_code: 200
version: 1
