interactions:
- request:
    body: '{"parent": {"type": "page_id", "page_id": "250662d9-783d-483c-b131-341ed479f96c"},
      "properties": {"title": {"type": "title", "title": [{"type": "text", "plain_text":
      "tests/test_records.py::test_page_cover (setup)", "text": {"content": "tests/test_records.py::test_page_cover
      (setup)"}}]}}}'
    headers:
      accept:
      - '*/*'
      accept-encoding:
      - gzip, deflate
      authorization:
      - secret...
      connection:
      - keep-alive
      content-length:
      - '290'
      content-type:
      - application/json
      host:
      - api.notion.com
      notion-version:
      - '2021-08-16'
    method: POST
    uri: https://api.notion.com/v1/pages
  response:
    content: '{"object":"page","id":"a1e6fc49-200a-491a-9f4b-1c6f38b72af1","created_time":"2022-04-25T02:41:00.000Z","last_edited_time":"2022-04-25T02:41:00.000Z","created_by":{"object":"user","id":"6860cd48-ced8-41b3-b824-c7d039085db1"},"last_edited_by":{"object":"user","id":"6860cd48-ced8-41b3-b824-c7d039085db1"},"cover":null,"icon":null,"parent":{"type":"page_id","page_id":"250662d9-783d-483c-b131-341ed479f96c"},"archived":false,"properties":{"title":{"id":"title","type":"title","title":[{"type":"text","text":{"content":"tests/test_records.py::test_page_cover
      (setup)","link":null},"annotations":{"bold":false,"italic":false,"strikethrough":false,"underline":false,"code":false,"color":"default"},"plain_text":"tests/test_records.py::test_page_cover
      (setup)","href":null}]}},"url":"https://www.notion.so/tests-test_records-py-test_page_cover-setup-a1e6fc49200a491a9f4b1c6f38b72af1"}'
    headers: {}
    http_version: HTTP/1.1
    status_code: 200
- request:
    body: '{"cover": {"type": "external", "external": {"url": "https://raw.githubusercontent.com/jheddings/notional/main/tests/data/loved.jpg"}}}'
    headers:
      accept:
      - '*/*'
      accept-encoding:
      - gzip, deflate
      authorization:
      - secret...
      connection:
      - keep-alive
      content-length:
      - '134'
      content-type:
      - application/json
      host:
      - api.notion.com
      notion-version:
      - '2021-08-16'
    method: PATCH
    uri: https://api.notion.com/v1/pages/a1e6fc49200a491a9f4b1c6f38b72af1
  response:
    content: '{"object":"page","id":"a1e6fc49-200a-491a-9f4b-1c6f38b72af1","created_time":"2022-04-25T02:41:00.000Z","last_edited_time":"2022-04-25T02:41:00.000Z","created_by":{"object":"user","id":"6860cd48-ced8-41b3-b824-c7d039085db1"},"last_edited_by":{"object":"user","id":"6860cd48-ced8-41b3-b824-c7d039085db1"},"cover":{"type":"external","external":{"url":"https://raw.githubusercontent.com/jheddings/notional/main/tests/data/loved.jpg"}},"icon":null,"parent":{"type":"page_id","page_id":"250662d9-783d-483c-b131-341ed479f96c"},"archived":false,"properties":{"title":{"id":"title","type":"title","title":[{"type":"text","text":{"content":"tests/test_records.py::test_page_cover
      (setup)","link":null},"annotations":{"bold":false,"italic":false,"strikethrough":false,"underline":false,"code":false,"color":"default"},"plain_text":"tests/test_records.py::test_page_cover
      (setup)","href":null}]}},"url":"https://www.notion.so/tests-test_records-py-test_page_cover-setup-a1e6fc49200a491a9f4b1c6f38b72af1"}'
    headers: {}
    http_version: HTTP/1.1
    status_code: 200
- request:
    body: ''
    headers:
      accept:
      - '*/*'
      accept-encoding:
      - gzip, deflate
      authorization:
      - secret...
      connection:
      - keep-alive
      host:
      - api.notion.com
      notion-version:
      - '2021-08-16'
    method: GET
    uri: https://api.notion.com/v1/pages/a1e6fc49-200a-491a-9f4b-1c6f38b72af1
  response:
    content: '{"object":"page","id":"a1e6fc49-200a-491a-9f4b-1c6f38b72af1","created_time":"2022-04-25T02:41:00.000Z","last_edited_time":"2022-04-25T02:41:00.000Z","created_by":{"object":"user","id":"6860cd48-ced8-41b3-b824-c7d039085db1"},"last_edited_by":{"object":"user","id":"6860cd48-ced8-41b3-b824-c7d039085db1"},"cover":{"type":"external","external":{"url":"https://raw.githubusercontent.com/jheddings/notional/main/tests/data/loved.jpg"}},"icon":null,"parent":{"type":"page_id","page_id":"250662d9-783d-483c-b131-341ed479f96c"},"archived":false,"properties":{"title":{"id":"title","type":"title","title":[{"type":"text","text":{"content":"tests/test_records.py::test_page_cover
      (setup)","link":null},"annotations":{"bold":false,"italic":false,"strikethrough":false,"underline":false,"code":false,"color":"default"},"plain_text":"tests/test_records.py::test_page_cover
      (setup)","href":null}]}},"url":"https://www.notion.so/tests-test_records-py-test_page_cover-setup-a1e6fc49200a491a9f4b1c6f38b72af1"}'
    headers: {}
    http_version: HTTP/1.1
    status_code: 200
- request:
    body: '{"archived": true}'
    headers:
      accept:
      - '*/*'
      accept-encoding:
      - gzip, deflate
      authorization:
      - secret...
      connection:
      - keep-alive
      content-length:
      - '18'
      content-type:
      - application/json
      host:
      - api.notion.com
      notion-version:
      - '2021-08-16'
    method: PATCH
    uri: https://api.notion.com/v1/pages/a1e6fc49200a491a9f4b1c6f38b72af1
  response:
    content: '{"object":"page","id":"a1e6fc49-200a-491a-9f4b-1c6f38b72af1","created_time":"2022-04-25T02:41:00.000Z","last_edited_time":"2022-04-25T02:41:00.000Z","created_by":{"object":"user","id":"6860cd48-ced8-41b3-b824-c7d039085db1"},"last_edited_by":{"object":"user","id":"6860cd48-ced8-41b3-b824-c7d039085db1"},"cover":{"type":"external","external":{"url":"https://raw.githubusercontent.com/jheddings/notional/main/tests/data/loved.jpg"}},"icon":null,"parent":{"type":"page_id","page_id":"250662d9-783d-483c-b131-341ed479f96c"},"archived":true,"properties":{"title":{"id":"title","type":"title","title":[{"type":"text","text":{"content":"tests/test_records.py::test_page_cover
      (setup)","link":null},"annotations":{"bold":false,"italic":false,"strikethrough":false,"underline":false,"code":false,"color":"default"},"plain_text":"tests/test_records.py::test_page_cover
      (setup)","href":null}]}},"url":"https://www.notion.so/tests-test_records-py-test_page_cover-setup-a1e6fc49200a491a9f4b1c6f38b72af1"}'
    headers: {}
    http_version: HTTP/1.1
    status_code: 200
version: 1
