interactions:
- request:
    body: ''
    headers:
      accept:
      - '*/*'
      accept-encoding:
      - gzip, deflate
      authorization:
      - secret...
      connection:
      - keep-alive
      host:
      - api.notion.com
      notion-version:
      - '2022-06-28'
    method: GET
    uri: https://api.notion.com/v1/pages/250662d9-783d-483c-b131-341ed479f96c
  response:
    content: '{"object":"page","id":"250662d9-783d-483c-b131-341ed479f96c","created_time":"2021-08-03T13:21:00.000Z","last_edited_time":"2023-01-19T00:58:00.000Z","created_by":{"object":"user","id":"ea74294e-d4c7-41f0-8929-805c80ea0d7f"},"last_edited_by":{"object":"user","id":"6860cd48-ced8-41b3-b824-c7d039085db1"},"cover":{"type":"external","external":{"url":"https://images.unsplash.com/photo-1562380156-9a99cd92484c?ixlib=rb-1.2.1&q=85&fm=jpg&crop=entropy&cs=srgb"}},"icon":null,"parent":{"type":"page_id","page_id":"931a3b8b-875e-462d-a31d-29b49475d922"},"archived":false,"properties":{"title":{"id":"title","type":"title","title":[{"type":"text","text":{"content":"Notional","link":null},"annotations":{"bold":false,"italic":false,"strikethrough":false,"underline":false,"code":false,"color":"default"},"plain_text":"Notional","href":null}]}},"url":"https://www.notion.so/Notional-250662d9783d483cb131341ed479f96c"}'
    headers: {}
    http_version: HTTP/1.1
    status_code: 200
- request:
    body: '{"children": [{"type": "to_do", "object": "block", "has_children": false,
      "archived": false, "to_do": {"rich_text": [{"type": "text", "plain_text": "INCOMPLETE",
      "text": {"content": "INCOMPLETE"}}], "checked": false, "color": "default"}}]}'
    headers:
      accept:
      - '*/*'
      accept-encoding:
      - gzip, deflate
      authorization:
      - secret...
      connection:
      - keep-alive
      content-length:
      - '239'
      content-type:
      - application/json
      cookie:
      - __cf_bm=STmiRxN6.bYHKb4wSaAcwb1LpFp9FUFpQU4m_E8R8pU-1674089914-0-Afcgm6ycQGQw/YxYPL02cQuzABVsW6xImruQi06RFo60lQ4DfClEs4MMI9Fs4ApH20IgwGB3kg43F3RAmghltNQ=
      host:
      - api.notion.com
      notion-version:
      - '2022-06-28'
    method: PATCH
    uri: https://api.notion.com/v1/blocks/250662d9-783d-483c-b131-341ed479f96c/children
  response:
    content: '{"object":"list","results":[{"object":"block","id":"a244df21-3d11-4a1c-9238-22dd364cb58b","parent":{"type":"page_id","page_id":"250662d9-783d-483c-b131-341ed479f96c"},"created_time":"2023-01-19T00:58:00.000Z","last_edited_time":"2023-01-19T00:58:00.000Z","created_by":{"object":"user","id":"6860cd48-ced8-41b3-b824-c7d039085db1"},"last_edited_by":{"object":"user","id":"6860cd48-ced8-41b3-b824-c7d039085db1"},"has_children":false,"archived":false,"type":"to_do","to_do":{"rich_text":[{"type":"text","text":{"content":"INCOMPLETE","link":null},"annotations":{"bold":false,"italic":false,"strikethrough":false,"underline":false,"code":false,"color":"default"},"plain_text":"INCOMPLETE","href":null}],"checked":false,"color":"default"}}],"next_cursor":null,"has_more":false,"type":"block","block":{}}'
    headers: {}
    http_version: HTTP/1.1
    status_code: 200
- request:
    body: ''
    headers:
      accept:
      - '*/*'
      accept-encoding:
      - gzip, deflate
      authorization:
      - secret...
      connection:
      - keep-alive
      cookie:
      - __cf_bm=STmiRxN6.bYHKb4wSaAcwb1LpFp9FUFpQU4m_E8R8pU-1674089914-0-Afcgm6ycQGQw/YxYPL02cQuzABVsW6xImruQi06RFo60lQ4DfClEs4MMI9Fs4ApH20IgwGB3kg43F3RAmghltNQ=
      host:
      - api.notion.com
      notion-version:
      - '2022-06-28'
    method: GET
    uri: https://api.notion.com/v1/blocks/a244df21-3d11-4a1c-9238-22dd364cb58b
  response:
    content: '{"object":"block","id":"a244df21-3d11-4a1c-9238-22dd364cb58b","parent":{"type":"page_id","page_id":"250662d9-783d-483c-b131-341ed479f96c"},"created_time":"2023-01-19T00:58:00.000Z","last_edited_time":"2023-01-19T00:58:00.000Z","created_by":{"object":"user","id":"6860cd48-ced8-41b3-b824-c7d039085db1"},"last_edited_by":{"object":"user","id":"6860cd48-ced8-41b3-b824-c7d039085db1"},"has_children":false,"archived":false,"type":"to_do","to_do":{"rich_text":[{"type":"text","text":{"content":"INCOMPLETE","link":null},"annotations":{"bold":false,"italic":false,"strikethrough":false,"underline":false,"code":false,"color":"default"},"plain_text":"INCOMPLETE","href":null}],"checked":false,"color":"default"}}'
    headers: {}
    http_version: HTTP/1.1
    status_code: 200
- request:
    body: ''
    headers:
      accept:
      - '*/*'
      accept-encoding:
      - gzip, deflate
      authorization:
      - secret...
      connection:
      - keep-alive
      cookie:
      - __cf_bm=STmiRxN6.bYHKb4wSaAcwb1LpFp9FUFpQU4m_E8R8pU-1674089914-0-Afcgm6ycQGQw/YxYPL02cQuzABVsW6xImruQi06RFo60lQ4DfClEs4MMI9Fs4ApH20IgwGB3kg43F3RAmghltNQ=
      host:
      - api.notion.com
      notion-version:
      - '2022-06-28'
    method: DELETE
    uri: https://api.notion.com/v1/blocks/a244df21-3d11-4a1c-9238-22dd364cb58b
  response:
    content: '{"object":"block","id":"a244df21-3d11-4a1c-9238-22dd364cb58b","parent":{"type":"page_id","page_id":"250662d9-783d-483c-b131-341ed479f96c"},"created_time":"2023-01-19T00:58:00.000Z","last_edited_time":"2023-01-19T00:58:00.000Z","created_by":{"object":"user","id":"6860cd48-ced8-41b3-b824-c7d039085db1"},"last_edited_by":{"object":"user","id":"6860cd48-ced8-41b3-b824-c7d039085db1"},"has_children":false,"archived":true,"type":"to_do","to_do":{"rich_text":[{"type":"text","text":{"content":"INCOMPLETE","link":null},"annotations":{"bold":false,"italic":false,"strikethrough":false,"underline":false,"code":false,"color":"default"},"plain_text":"INCOMPLETE","href":null}],"checked":false,"color":"default"}}'
    headers: {}
    http_version: HTTP/1.1
    status_code: 200
version: 1
