interactions:
- request:
    body: '{"parent": {"type": "page_id", "page_id": "250662d9-783d-483c-b131-341ed479f96c"},
      "properties": {"title": {"type": "title", "title": [{"type": "text", "plain_text":
      "tests/test_pages.py::test_create_simple_page (call)", "text": {"content": "tests/test_pages.py::test_create_simple_page
      (call)"}}]}}, "children": [{"type": "heading_1", "object": "block", "has_children":
      false, "archived": false, "heading_1": {"rich_text": [{"type": "text", "plain_text":
      "Welcome to the Matrix", "text": {"content": "Welcome to the Matrix"}}], "color":
      "default"}}, {"type": "divider", "object": "block", "has_children": false, "archived":
      false, "divider": {}}, {"type": "paragraph", "object": "block", "has_children":
      false, "archived": false, "paragraph": {"rich_text": [{"type": "text", "plain_text":
      "There is no spoon...", "text": {"content": "There is no spoon..."}}], "color":
      "default"}}]}'
    headers:
      accept:
      - '*/*'
      accept-encoding:
      - gzip, deflate
      authorization:
      - secret...
      connection:
      - keep-alive
      content-length:
      - '883'
      content-type:
      - application/json
      host:
      - api.notion.com
      notion-version:
      - '2022-06-28'
    method: POST
    uri: https://api.notion.com/v1/pages
  response:
    content: '{"object":"page","id":"3466958e-77e1-4964-a6cc-85270f2acece","created_time":"2023-01-19T00:59:00.000Z","last_edited_time":"2023-01-19T00:59:00.000Z","created_by":{"object":"user","id":"6860cd48-ced8-41b3-b824-c7d039085db1"},"last_edited_by":{"object":"user","id":"6860cd48-ced8-41b3-b824-c7d039085db1"},"cover":null,"icon":null,"parent":{"type":"page_id","page_id":"250662d9-783d-483c-b131-341ed479f96c"},"archived":false,"properties":{"title":{"id":"title","type":"title","title":[{"type":"text","text":{"content":"tests/test_pages.py::test_create_simple_page
      (call)","link":null},"annotations":{"bold":false,"italic":false,"strikethrough":false,"underline":false,"code":false,"color":"default"},"plain_text":"tests/test_pages.py::test_create_simple_page
      (call)","href":null}]}},"url":"https://www.notion.so/tests-test_pages-py-test_create_simple_page-call-3466958e77e14964a6cc85270f2acece"}'
    headers: {}
    http_version: HTTP/1.1
    status_code: 200
- request:
    body: ''
    headers:
      accept:
      - '*/*'
      accept-encoding:
      - gzip, deflate
      authorization:
      - secret...
      connection:
      - keep-alive
      cookie:
      - __cf_bm=Nhos9e6GKZKXScv6NRJyhoci4EBUOvGFjeFzO3i5HM8-1674089950-0-AQwm3AfRCcjmCP14vAHfvKDFhq1L/tHXoRN7f0olrX4A6Y8d+LC2bKRFzu6GXgYO2k5etDwlLy+ZkrsWtRFA+Fc=
      host:
      - api.notion.com
      notion-version:
      - '2022-06-28'
    method: GET
    uri: https://api.notion.com/v1/blocks/3466958e-77e1-4964-a6cc-85270f2acece/children?page_size=100
  response:
    content: '{"object":"list","results":[{"object":"block","id":"99528e1f-cfa7-4736-85c2-36756a4bdfe4","parent":{"type":"page_id","page_id":"3466958e-77e1-4964-a6cc-85270f2acece"},"created_time":"2023-01-19T00:59:00.000Z","last_edited_time":"2023-01-19T00:59:00.000Z","created_by":{"object":"user","id":"6860cd48-ced8-41b3-b824-c7d039085db1"},"last_edited_by":{"object":"user","id":"6860cd48-ced8-41b3-b824-c7d039085db1"},"has_children":false,"archived":false,"type":"heading_1","heading_1":{"rich_text":[{"type":"text","text":{"content":"Welcome
      to the Matrix","link":null},"annotations":{"bold":false,"italic":false,"strikethrough":false,"underline":false,"code":false,"color":"default"},"plain_text":"Welcome
      to the Matrix","href":null}],"is_toggleable":false,"color":"default"}},{"object":"block","id":"c12715dc-f918-42f1-9ba8-b6e84291fc7c","parent":{"type":"page_id","page_id":"3466958e-77e1-4964-a6cc-85270f2acece"},"created_time":"2023-01-19T00:59:00.000Z","last_edited_time":"2023-01-19T00:59:00.000Z","created_by":{"object":"user","id":"6860cd48-ced8-41b3-b824-c7d039085db1"},"last_edited_by":{"object":"user","id":"6860cd48-ced8-41b3-b824-c7d039085db1"},"has_children":false,"archived":false,"type":"divider","divider":{}},{"object":"block","id":"0f347c1d-f922-4478-9942-7f1ca6120737","parent":{"type":"page_id","page_id":"3466958e-77e1-4964-a6cc-85270f2acece"},"created_time":"2023-01-19T00:59:00.000Z","last_edited_time":"2023-01-19T00:59:00.000Z","created_by":{"object":"user","id":"6860cd48-ced8-41b3-b824-c7d039085db1"},"last_edited_by":{"object":"user","id":"6860cd48-ced8-41b3-b824-c7d039085db1"},"has_children":false,"archived":false,"type":"paragraph","paragraph":{"rich_text":[{"type":"text","text":{"content":"There
      is no spoon...","link":null},"annotations":{"bold":false,"italic":false,"strikethrough":false,"underline":false,"code":false,"color":"default"},"plain_text":"There
      is no spoon...","href":null}],"color":"default"}}],"next_cursor":null,"has_more":false,"type":"block","block":{}}'
    headers: {}
    http_version: HTTP/1.1
    status_code: 200
- request:
    body: '{"archived": true}'
    headers:
      accept:
      - '*/*'
      accept-encoding:
      - gzip, deflate
      authorization:
      - secret...
      connection:
      - keep-alive
      content-length:
      - '18'
      content-type:
      - application/json
      cookie:
      - __cf_bm=Nhos9e6GKZKXScv6NRJyhoci4EBUOvGFjeFzO3i5HM8-1674089950-0-AQwm3AfRCcjmCP14vAHfvKDFhq1L/tHXoRN7f0olrX4A6Y8d+LC2bKRFzu6GXgYO2k5etDwlLy+ZkrsWtRFA+Fc=
      host:
      - api.notion.com
      notion-version:
      - '2022-06-28'
    method: PATCH
    uri: https://api.notion.com/v1/pages/3466958e77e14964a6cc85270f2acece
  response:
    content: '{"object":"page","id":"3466958e-77e1-4964-a6cc-85270f2acece","created_time":"2023-01-19T00:59:00.000Z","last_edited_time":"2023-01-19T00:59:00.000Z","created_by":{"object":"user","id":"6860cd48-ced8-41b3-b824-c7d039085db1"},"last_edited_by":{"object":"user","id":"6860cd48-ced8-41b3-b824-c7d039085db1"},"cover":null,"icon":null,"parent":{"type":"page_id","page_id":"250662d9-783d-483c-b131-341ed479f96c"},"archived":true,"properties":{"title":{"id":"title","type":"title","title":[{"type":"text","text":{"content":"tests/test_pages.py::test_create_simple_page
      (call)","link":null},"annotations":{"bold":false,"italic":false,"strikethrough":false,"underline":false,"code":false,"color":"default"},"plain_text":"tests/test_pages.py::test_create_simple_page
      (call)","href":null}]}},"url":"https://www.notion.so/tests-test_pages-py-test_create_simple_page-call-3466958e77e14964a6cc85270f2acece"}'
    headers: {}
    http_version: HTTP/1.1
    status_code: 200
version: 1
