interactions:
- request:
    body: '{"parent": {"type": "page_id", "page_id": "250662d9-783d-483c-b131-341ed479f96c"},
      "title": [{"type": "text", "plain_text": "tests/test_orm.py::test_simple_model
      (setup)", "text": {"content": "tests/test_orm.py::test_simple_model (setup)"}}],
      "properties": {"Name": {"type": "title", "title": {}}, "Index": {"type": "number",
      "number": {"format": "number"}}, "Notes": {"type": "rich_text", "rich_text":
      {}}, "Complete": {"type": "checkbox", "checkbox": {}}, "Due Date": {"type":
      "date", "date": {}}, "Tags": {"type": "multi_select", "multi_select": {"options":
      []}}}}'
    headers:
      accept:
      - '*/*'
      accept-encoding:
      - gzip, deflate
      authorization:
      - secret...
      connection:
      - keep-alive
      content-length:
      - '567'
      content-type:
      - application/json
      host:
      - api.notion.com
      notion-version:
      - '2022-02-22'
    method: POST
    uri: https://api.notion.com/v1/databases
  response:
    content: '{"object":"database","id":"04aaeebf-dd03-4b75-b6af-5a7381ae65ab","cover":null,"icon":null,"created_time":"2022-11-08T22:58:00.000Z","created_by":{"object":"user","id":"6860cd48-ced8-41b3-b824-c7d039085db1"},"last_edited_by":{"object":"user","id":"6860cd48-ced8-41b3-b824-c7d039085db1"},"last_edited_time":"2022-11-08T22:58:00.000Z","title":[{"type":"text","text":{"content":"tests/test_orm.py::test_simple_model
      (setup)","link":null},"annotations":{"bold":false,"italic":false,"strikethrough":false,"underline":false,"code":false,"color":"default"},"plain_text":"tests/test_orm.py::test_simple_model
      (setup)","href":null}],"description":[],"is_inline":false,"properties":{"Index":{"id":"BCoO","name":"Index","type":"number","number":{"format":"number"}},"Due
      Date":{"id":"Tl%5BE","name":"Due Date","type":"date","date":{}},"Complete":{"id":"X%60HJ","name":"Complete","type":"checkbox","checkbox":{}},"Notes":{"id":"fEzD","name":"Notes","type":"rich_text","rich_text":{}},"Tags":{"id":"yK%3Dl","name":"Tags","type":"multi_select","multi_select":{"options":[]}},"Name":{"id":"title","name":"Name","type":"title","title":{}}},"parent":{"type":"page_id","page_id":"250662d9-783d-483c-b131-341ed479f96c"},"url":"https://www.notion.so/04aaeebfdd034b75b6af5a7381ae65ab","archived":false}'
    headers: {}
    http_version: HTTP/1.1
    status_code: 200
- request:
    body: '{"parent": {"type": "database_id", "database_id": "04aaeebf-dd03-4b75-b6af-5a7381ae65ab"},
      "properties": {}}'
    headers:
      accept:
      - '*/*'
      accept-encoding:
      - gzip, deflate
      authorization:
      - secret...
      connection:
      - keep-alive
      content-length:
      - '108'
      content-type:
      - application/json
      host:
      - api.notion.com
      notion-version:
      - '2022-02-22'
    method: POST
    uri: https://api.notion.com/v1/pages
  response:
    content: '{"object":"page","id":"4f0e972e-93ca-4abb-b604-fee7ec7f8365","created_time":"2022-11-08T22:58:00.000Z","last_edited_time":"2022-11-08T22:58:00.000Z","created_by":{"object":"user","id":"6860cd48-ced8-41b3-b824-c7d039085db1"},"last_edited_by":{"object":"user","id":"6860cd48-ced8-41b3-b824-c7d039085db1"},"cover":null,"icon":null,"parent":{"type":"database_id","database_id":"04aaeebf-dd03-4b75-b6af-5a7381ae65ab"},"archived":false,"properties":{"Index":{"id":"BCoO","type":"number","number":null},"Due
      Date":{"id":"Tl%5BE","type":"date","date":null},"Complete":{"id":"X%60HJ","type":"checkbox","checkbox":false},"Notes":{"id":"fEzD","type":"rich_text","rich_text":[]},"Tags":{"id":"yK%3Dl","type":"multi_select","multi_select":[]},"Name":{"id":"title","type":"title","title":[]}},"url":"https://www.notion.so/4f0e972e93ca4abbb604fee7ec7f8365"}'
    headers: {}
    http_version: HTTP/1.1
    status_code: 200
- request:
    body: '{"properties": {"Name": {"type": "title", "title": [{"type": "text", "plain_text":
      "One&Only", "text": {"content": "One&Only"}}]}}}'
    headers:
      accept:
      - '*/*'
      accept-encoding:
      - gzip, deflate
      authorization:
      - secret...
      connection:
      - keep-alive
      content-length:
      - '131'
      content-type:
      - application/json
      host:
      - api.notion.com
      notion-version:
      - '2022-02-22'
    method: PATCH
    uri: https://api.notion.com/v1/pages/4f0e972e93ca4abbb604fee7ec7f8365
  response:
    content: '{"object":"page","id":"4f0e972e-93ca-4abb-b604-fee7ec7f8365","created_time":"2022-11-08T22:58:00.000Z","last_edited_time":"2022-11-08T22:58:00.000Z","created_by":{"object":"user","id":"6860cd48-ced8-41b3-b824-c7d039085db1"},"last_edited_by":{"object":"user","id":"6860cd48-ced8-41b3-b824-c7d039085db1"},"cover":null,"icon":null,"parent":{"type":"database_id","database_id":"04aaeebf-dd03-4b75-b6af-5a7381ae65ab"},"archived":false,"properties":{"Index":{"id":"BCoO","type":"number","number":null},"Due
      Date":{"id":"Tl%5BE","type":"date","date":null},"Complete":{"id":"X%60HJ","type":"checkbox","checkbox":false},"Notes":{"id":"fEzD","type":"rich_text","rich_text":[]},"Tags":{"id":"yK%3Dl","type":"multi_select","multi_select":[]},"Name":{"id":"title","type":"title","title":[{"type":"text","text":{"content":"One&Only","link":null},"annotations":{"bold":false,"italic":false,"strikethrough":false,"underline":false,"code":false,"color":"default"},"plain_text":"One&Only","href":null}]}},"url":"https://www.notion.so/One-Only-4f0e972e93ca4abbb604fee7ec7f8365"}'
    headers: {}
    http_version: HTTP/1.1
    status_code: 200
- request:
    body: ''
    headers:
      accept:
      - '*/*'
      accept-encoding:
      - gzip, deflate
      authorization:
      - secret...
      connection:
      - keep-alive
      host:
      - api.notion.com
      notion-version:
      - '2022-02-22'
    method: GET
    uri: https://api.notion.com/v1/pages/4f0e972e-93ca-4abb-b604-fee7ec7f8365
  response:
    content: '{"object":"page","id":"4f0e972e-93ca-4abb-b604-fee7ec7f8365","created_time":"2022-11-08T22:58:00.000Z","last_edited_time":"2022-11-08T22:58:00.000Z","created_by":{"object":"user","id":"6860cd48-ced8-41b3-b824-c7d039085db1"},"last_edited_by":{"object":"user","id":"6860cd48-ced8-41b3-b824-c7d039085db1"},"cover":null,"icon":null,"parent":{"type":"database_id","database_id":"04aaeebf-dd03-4b75-b6af-5a7381ae65ab"},"archived":false,"properties":{"Index":{"id":"BCoO","type":"number","number":null},"Due
      Date":{"id":"Tl%5BE","type":"date","date":null},"Complete":{"id":"X%60HJ","type":"checkbox","checkbox":false},"Notes":{"id":"fEzD","type":"rich_text","rich_text":[]},"Tags":{"id":"yK%3Dl","type":"multi_select","multi_select":[]},"Name":{"id":"title","type":"title","title":[{"type":"text","text":{"content":"One&Only","link":null},"annotations":{"bold":false,"italic":false,"strikethrough":false,"underline":false,"code":false,"color":"default"},"plain_text":"One&Only","href":null}]}},"url":"https://www.notion.so/One-Only-4f0e972e93ca4abbb604fee7ec7f8365"}'
    headers: {}
    http_version: HTTP/1.1
    status_code: 200
- request:
    body: ''
    headers:
      accept:
      - '*/*'
      accept-encoding:
      - gzip, deflate
      authorization:
      - secret...
      connection:
      - keep-alive
      host:
      - api.notion.com
      notion-version:
      - '2022-02-22'
    method: DELETE
    uri: https://api.notion.com/v1/blocks/04aaeebfdd034b75b6af5a7381ae65ab
  response:
    content: '{"object":"block","id":"04aaeebf-dd03-4b75-b6af-5a7381ae65ab","parent":{"type":"page_id","page_id":"250662d9-783d-483c-b131-341ed479f96c"},"created_time":"2022-11-08T22:58:00.000Z","last_edited_time":"2022-11-08T22:58:00.000Z","created_by":{"object":"user","id":"6860cd48-ced8-41b3-b824-c7d039085db1"},"last_edited_by":{"object":"user","id":"6860cd48-ced8-41b3-b824-c7d039085db1"},"has_children":false,"archived":true,"type":"child_database","child_database":{"title":"tests/test_orm.py::test_simple_model
      (setup)"}}'
    headers: {}
    http_version: HTTP/1.1
    status_code: 200
- request:
    body: '{"parent": {"type": "page_id", "page_id": "250662d9-783d-483c-b131-341ed479f96c"},
      "title": [{"type": "text", "plain_text": "tests/test_orm.py::test_simple_model
      (setup)", "text": {"content": "tests/test_orm.py::test_simple_model (setup)"}}],
      "properties": {"Name": {"type": "title", "title": {}}, "Index": {"type": "number",
      "number": {"format": "number"}}, "Notes": {"type": "rich_text", "rich_text":
      {}}, "Complete": {"type": "checkbox", "checkbox": {}}, "Due Date": {"type":
      "date", "date": {}}, "Tags": {"type": "multi_select", "multi_select": {"options":
      []}}}}'
    headers:
      accept:
      - '*/*'
      accept-encoding:
      - gzip, deflate
      authorization:
      - secret...
      connection:
      - keep-alive
      content-length:
      - '567'
      content-type:
      - application/json
      host:
      - api.notion.com
      notion-version:
      - '2022-02-22'
    method: POST
    uri: https://api.notion.com/v1/databases
  response:
    content: '{"object":"database","id":"78105d8d-c80a-4a77-9ec5-2f21a6fc33e2","cover":null,"icon":null,"created_time":"2022-11-29T21:39:00.000Z","created_by":{"object":"user","id":"6860cd48-ced8-41b3-b824-c7d039085db1"},"last_edited_by":{"object":"user","id":"6860cd48-ced8-41b3-b824-c7d039085db1"},"last_edited_time":"2022-11-29T21:39:00.000Z","title":[{"type":"text","text":{"content":"tests/test_orm.py::test_simple_model
      (setup)","link":null},"annotations":{"bold":false,"italic":false,"strikethrough":false,"underline":false,"code":false,"color":"default"},"plain_text":"tests/test_orm.py::test_simple_model
      (setup)","href":null}],"description":[],"is_inline":false,"properties":{"Notes":{"id":"%3AB%7CF","name":"Notes","type":"rich_text","rich_text":{}},"Tags":{"id":"E%3Ee~","name":"Tags","type":"multi_select","multi_select":{"options":[]}},"Due
      Date":{"id":"IZqS","name":"Due Date","type":"date","date":{}},"Complete":{"id":"Iue%5D","name":"Complete","type":"checkbox","checkbox":{}},"Index":{"id":"eDii","name":"Index","type":"number","number":{"format":"number"}},"Name":{"id":"title","name":"Name","type":"title","title":{}}},"parent":{"type":"page_id","page_id":"250662d9-783d-483c-b131-341ed479f96c"},"url":"https://www.notion.so/78105d8dc80a4a779ec52f21a6fc33e2","archived":false}'
    headers: {}
    http_version: HTTP/1.1
    status_code: 200
- request:
    body: '{"parent": {"type": "database_id", "database_id": "78105d8d-c80a-4a77-9ec5-2f21a6fc33e2"},
      "properties": {}}'
    headers:
      accept:
      - '*/*'
      accept-encoding:
      - gzip, deflate
      authorization:
      - secret...
      connection:
      - keep-alive
      content-length:
      - '108'
      content-type:
      - application/json
      host:
      - api.notion.com
      notion-version:
      - '2022-02-22'
    method: POST
    uri: https://api.notion.com/v1/pages
  response:
    content: '{"object":"page","id":"95b5114d-97bc-4b5d-8e5d-84f8cebb2c3f","created_time":"2022-11-29T21:39:00.000Z","last_edited_time":"2022-11-29T21:39:00.000Z","created_by":{"object":"user","id":"6860cd48-ced8-41b3-b824-c7d039085db1"},"last_edited_by":{"object":"user","id":"6860cd48-ced8-41b3-b824-c7d039085db1"},"cover":null,"icon":null,"parent":{"type":"database_id","database_id":"78105d8d-c80a-4a77-9ec5-2f21a6fc33e2"},"archived":false,"properties":{"Notes":{"id":"%3AB%7CF","type":"rich_text","rich_text":[]},"Tags":{"id":"E%3Ee~","type":"multi_select","multi_select":[]},"Due
      Date":{"id":"IZqS","type":"date","date":null},"Complete":{"id":"Iue%5D","type":"checkbox","checkbox":false},"Index":{"id":"eDii","type":"number","number":null},"Name":{"id":"title","type":"title","title":[]}},"url":"https://www.notion.so/95b5114d97bc4b5d8e5d84f8cebb2c3f"}'
    headers: {}
    http_version: HTTP/1.1
    status_code: 200
- request:
    body: '{"properties": {"Name": {"type": "title", "title": [{"type": "text", "plain_text":
      "One&Only", "text": {"content": "One&Only"}}]}}}'
    headers:
      accept:
      - '*/*'
      accept-encoding:
      - gzip, deflate
      authorization:
      - secret...
      connection:
      - keep-alive
      content-length:
      - '131'
      content-type:
      - application/json
      host:
      - api.notion.com
      notion-version:
      - '2022-02-22'
    method: PATCH
    uri: https://api.notion.com/v1/pages/95b5114d97bc4b5d8e5d84f8cebb2c3f
  response:
    content: '{"object":"page","id":"95b5114d-97bc-4b5d-8e5d-84f8cebb2c3f","created_time":"2022-11-29T21:39:00.000Z","last_edited_time":"2022-11-29T21:39:00.000Z","created_by":{"object":"user","id":"6860cd48-ced8-41b3-b824-c7d039085db1"},"last_edited_by":{"object":"user","id":"6860cd48-ced8-41b3-b824-c7d039085db1"},"cover":null,"icon":null,"parent":{"type":"database_id","database_id":"78105d8d-c80a-4a77-9ec5-2f21a6fc33e2"},"archived":false,"properties":{"Notes":{"id":"%3AB%7CF","type":"rich_text","rich_text":[]},"Tags":{"id":"E%3Ee~","type":"multi_select","multi_select":[]},"Due
      Date":{"id":"IZqS","type":"date","date":null},"Complete":{"id":"Iue%5D","type":"checkbox","checkbox":false},"Index":{"id":"eDii","type":"number","number":null},"Name":{"id":"title","type":"title","title":[{"type":"text","text":{"content":"One&Only","link":null},"annotations":{"bold":false,"italic":false,"strikethrough":false,"underline":false,"code":false,"color":"default"},"plain_text":"One&Only","href":null}]}},"url":"https://www.notion.so/One-Only-95b5114d97bc4b5d8e5d84f8cebb2c3f"}'
    headers: {}
    http_version: HTTP/1.1
    status_code: 200
- request:
    body: ''
    headers:
      accept:
      - '*/*'
      accept-encoding:
      - gzip, deflate
      authorization:
      - secret...
      connection:
      - keep-alive
      host:
      - api.notion.com
      notion-version:
      - '2022-02-22'
    method: GET
    uri: https://api.notion.com/v1/pages/95b5114d-97bc-4b5d-8e5d-84f8cebb2c3f
  response:
    content: '{"object":"page","id":"95b5114d-97bc-4b5d-8e5d-84f8cebb2c3f","created_time":"2022-11-29T21:39:00.000Z","last_edited_time":"2022-11-29T21:39:00.000Z","created_by":{"object":"user","id":"6860cd48-ced8-41b3-b824-c7d039085db1"},"last_edited_by":{"object":"user","id":"6860cd48-ced8-41b3-b824-c7d039085db1"},"cover":null,"icon":null,"parent":{"type":"database_id","database_id":"78105d8d-c80a-4a77-9ec5-2f21a6fc33e2"},"archived":false,"properties":{"Notes":{"id":"%3AB%7CF","type":"rich_text","rich_text":[]},"Tags":{"id":"E%3Ee~","type":"multi_select","multi_select":[]},"Due
      Date":{"id":"IZqS","type":"date","date":null},"Complete":{"id":"Iue%5D","type":"checkbox","checkbox":false},"Index":{"id":"eDii","type":"number","number":null},"Name":{"id":"title","type":"title","title":[{"type":"text","text":{"content":"One&Only","link":null},"annotations":{"bold":false,"italic":false,"strikethrough":false,"underline":false,"code":false,"color":"default"},"plain_text":"One&Only","href":null}]}},"url":"https://www.notion.so/One-Only-95b5114d97bc4b5d8e5d84f8cebb2c3f"}'
    headers: {}
    http_version: HTTP/1.1
    status_code: 200
- request:
    body: ''
    headers:
      accept:
      - '*/*'
      accept-encoding:
      - gzip, deflate
      authorization:
      - secret...
      connection:
      - keep-alive
      host:
      - api.notion.com
      notion-version:
      - '2022-02-22'
    method: DELETE
    uri: https://api.notion.com/v1/blocks/78105d8dc80a4a779ec52f21a6fc33e2
  response:
    content: '{"object":"block","id":"78105d8d-c80a-4a77-9ec5-2f21a6fc33e2","parent":{"type":"page_id","page_id":"250662d9-783d-483c-b131-341ed479f96c"},"created_time":"2022-11-29T21:39:00.000Z","last_edited_time":"2022-11-29T21:39:00.000Z","created_by":{"object":"user","id":"6860cd48-ced8-41b3-b824-c7d039085db1"},"last_edited_by":{"object":"user","id":"6860cd48-ced8-41b3-b824-c7d039085db1"},"has_children":false,"archived":true,"type":"child_database","child_database":{"title":"tests/test_orm.py::test_simple_model
      (setup)"}}'
    headers: {}
    http_version: HTTP/1.1
    status_code: 200
version: 1
