interactions:
- request:
    body: '{"parent": {"type": "page_id", "page_id": "250662d9-783d-483c-b131-341ed479f96c"},
      "title": [{"type": "text", "plain_text": "tests/test_database.py::test_update_schema
      (setup)", "text": {"content": "tests/test_database.py::test_update_schema (setup)"}}],
      "properties": {"Name": {"type": "title", "title": {}}}}'
    headers:
      accept:
      - '*/*'
      accept-encoding:
      - gzip, deflate
      authorization:
      - secret...
      connection:
      - keep-alive
      content-length:
      - '310'
      content-type:
      - application/json
      host:
      - api.notion.com
      notion-version:
      - '2022-06-28'
    method: POST
    uri: https://api.notion.com/v1/databases
  response:
    content: '{"object":"database","id":"daf6e503-283b-4c06-89c9-9c1ae4434dfd","cover":null,"icon":null,"created_time":"2023-03-21T19:32:00.000Z","created_by":{"object":"user","id":"6860cd48-ced8-41b3-b824-c7d039085db1"},"last_edited_by":{"object":"user","id":"6860cd48-ced8-41b3-b824-c7d039085db1"},"last_edited_time":"2023-03-21T19:32:00.000Z","title":[{"type":"text","text":{"content":"tests/test_database.py::test_update_schema
      (setup)","link":null},"annotations":{"bold":false,"italic":false,"strikethrough":false,"underline":false,"code":false,"color":"default"},"plain_text":"tests/test_database.py::test_update_schema
      (setup)","href":null}],"description":[],"is_inline":false,"properties":{"Name":{"id":"title","name":"Name","type":"title","title":{}}},"parent":{"type":"page_id","page_id":"250662d9-783d-483c-b131-341ed479f96c"},"url":"https://www.notion.so/daf6e503283b4c0689c99c1ae4434dfd","archived":false}'
    headers: {}
    http_version: HTTP/1.1
    status_code: 200
- request:
    body: '{"properties": {"Name": {"type": "title", "title": {}}, "Index": {"type":
      "number", "number": {"format": "number"}}, "Notes": {"type": "rich_text", "rich_text":
      {}}, "Complete": {"type": "checkbox", "checkbox": {}}, "Due Date": {"type":
      "date", "date": {}}, "Tags": {"type": "multi_select", "multi_select": {"options":
      []}}}, "title": [{"type": "text", "plain_text": "Improved Database", "text":
      {"content": "Improved Database"}}]}'
    headers:
      accept:
      - '*/*'
      accept-encoding:
      - gzip, deflate
      authorization:
      - secret...
      connection:
      - keep-alive
      content-length:
      - '431'
      content-type:
      - application/json
      cookie:
      - __cf_bm=RxljLyyv9rohZbfa3eJxCpXVuGeQR2MORzpB4fzTbkQ-1679427160-0-ASNfpsKMmmew4nhuIIX8A7wca/dBPeu3BdY9gm32AvM6TJ6Ac4qHl/+CgXBzVaFmkLzCp5gEkqqnVCw8KU4eyZY=
      host:
      - api.notion.com
      notion-version:
      - '2022-06-28'
    method: PATCH
    uri: https://api.notion.com/v1/databases/daf6e503-283b-4c06-89c9-9c1ae4434dfd
  response:
    content: '{"object":"database","id":"daf6e503-283b-4c06-89c9-9c1ae4434dfd","cover":null,"icon":null,"created_time":"2023-03-21T19:32:00.000Z","created_by":{"object":"user","id":"6860cd48-ced8-41b3-b824-c7d039085db1"},"last_edited_by":{"object":"user","id":"6860cd48-ced8-41b3-b824-c7d039085db1"},"last_edited_time":"2023-03-21T19:32:00.000Z","title":[{"type":"text","text":{"content":"Improved
      Database","link":null},"annotations":{"bold":false,"italic":false,"strikethrough":false,"underline":false,"code":false,"color":"default"},"plain_text":"Improved
      Database","href":null}],"description":[],"is_inline":false,"properties":{"Due
      Date":{"id":"CMdT","name":"Due Date","type":"date","date":{}},"Notes":{"id":"Ehw%5D","name":"Notes","type":"rich_text","rich_text":{}},"Complete":{"id":"ZxpQ","name":"Complete","type":"checkbox","checkbox":{}},"Index":{"id":"%5Bt%7DJ","name":"Index","type":"number","number":{"format":"number"}},"Tags":{"id":"ls%5ES","name":"Tags","type":"multi_select","multi_select":{"options":[]}},"Name":{"id":"title","name":"Name","type":"title","title":{}}},"parent":{"type":"page_id","page_id":"250662d9-783d-483c-b131-341ed479f96c"},"url":"https://www.notion.so/daf6e503283b4c0689c99c1ae4434dfd","archived":false}'
    headers: {}
    http_version: HTTP/1.1
    status_code: 200
- request:
    body: ''
    headers:
      accept:
      - '*/*'
      accept-encoding:
      - gzip, deflate
      authorization:
      - secret...
      connection:
      - keep-alive
      cookie:
      - __cf_bm=RxljLyyv9rohZbfa3eJxCpXVuGeQR2MORzpB4fzTbkQ-1679427160-0-ASNfpsKMmmew4nhuIIX8A7wca/dBPeu3BdY9gm32AvM6TJ6Ac4qHl/+CgXBzVaFmkLzCp5gEkqqnVCw8KU4eyZY=
      host:
      - api.notion.com
      notion-version:
      - '2022-06-28'
    method: GET
    uri: https://api.notion.com/v1/databases/daf6e503-283b-4c06-89c9-9c1ae4434dfd
  response:
    content: '{"object":"database","id":"daf6e503-283b-4c06-89c9-9c1ae4434dfd","cover":null,"icon":null,"created_time":"2023-03-21T19:32:00.000Z","created_by":{"object":"user","id":"6860cd48-ced8-41b3-b824-c7d039085db1"},"last_edited_by":{"object":"user","id":"6860cd48-ced8-41b3-b824-c7d039085db1"},"last_edited_time":"2023-03-21T19:32:00.000Z","title":[{"type":"text","text":{"content":"Improved
      Database","link":null},"annotations":{"bold":false,"italic":false,"strikethrough":false,"underline":false,"code":false,"color":"default"},"plain_text":"Improved
      Database","href":null}],"description":[],"is_inline":false,"properties":{"Due
      Date":{"id":"CMdT","name":"Due Date","type":"date","date":{}},"Notes":{"id":"Ehw%5D","name":"Notes","type":"rich_text","rich_text":{}},"Complete":{"id":"ZxpQ","name":"Complete","type":"checkbox","checkbox":{}},"Index":{"id":"%5Bt%7DJ","name":"Index","type":"number","number":{"format":"number"}},"Tags":{"id":"ls%5ES","name":"Tags","type":"multi_select","multi_select":{"options":[]}},"Name":{"id":"title","name":"Name","type":"title","title":{}}},"parent":{"type":"page_id","page_id":"250662d9-783d-483c-b131-341ed479f96c"},"url":"https://www.notion.so/daf6e503283b4c0689c99c1ae4434dfd","archived":false}'
    headers: {}
    http_version: HTTP/1.1
    status_code: 200
- request:
    body: ''
    headers:
      accept:
      - '*/*'
      accept-encoding:
      - gzip, deflate
      authorization:
      - secret...
      connection:
      - keep-alive
      cookie:
      - __cf_bm=RxljLyyv9rohZbfa3eJxCpXVuGeQR2MORzpB4fzTbkQ-1679427160-0-ASNfpsKMmmew4nhuIIX8A7wca/dBPeu3BdY9gm32AvM6TJ6Ac4qHl/+CgXBzVaFmkLzCp5gEkqqnVCw8KU4eyZY=
      host:
      - api.notion.com
      notion-version:
      - '2022-06-28'
    method: DELETE
    uri: https://api.notion.com/v1/blocks/daf6e503-283b-4c06-89c9-9c1ae4434dfd
  response:
    content: '{"object":"block","id":"daf6e503-283b-4c06-89c9-9c1ae4434dfd","parent":{"type":"page_id","page_id":"250662d9-783d-483c-b131-341ed479f96c"},"created_time":"2023-03-21T19:32:00.000Z","last_edited_time":"2023-03-21T19:32:00.000Z","created_by":{"object":"user","id":"6860cd48-ced8-41b3-b824-c7d039085db1"},"last_edited_by":{"object":"user","id":"6860cd48-ced8-41b3-b824-c7d039085db1"},"has_children":false,"archived":true,"type":"child_database","child_database":{"title":"Improved
      Database"}}'
    headers: {}
    http_version: HTTP/1.1
    status_code: 200
version: 1
