interactions:
- request:
    body: '{"parent": {"type": "page_id", "page_id": "250662d9-783d-483c-b131-341ed479f96c"},
      "properties": {"title": {"type": "title", "title": [{"type": "text", "plain_text":
      "tests/test_records.py::test_restore_page (setup)", "text": {"content": "tests/test_records.py::test_restore_page
      (setup)"}}]}}}'
    headers:
      accept:
      - '*/*'
      accept-encoding:
      - gzip, deflate
      authorization:
      - secret...
      connection:
      - keep-alive
      content-length:
      - '294'
      content-type:
      - application/json
      host:
      - api.notion.com
      notion-version:
      - '2022-02-22'
    method: POST
    uri: https://api.notion.com/v1/pages
  response:
    content: '{"object":"page","id":"ab2f90ac-2ee7-46b3-a9ab-38be084ea707","created_time":"2022-07-24T23:46:00.000Z","last_edited_time":"2022-07-24T23:46:00.000Z","created_by":{"object":"user","id":"6860cd48-ced8-41b3-b824-c7d039085db1"},"last_edited_by":{"object":"user","id":"6860cd48-ced8-41b3-b824-c7d039085db1"},"cover":null,"icon":null,"parent":{"type":"page_id","page_id":"250662d9-783d-483c-b131-341ed479f96c"},"archived":false,"properties":{"title":{"id":"title","type":"title","title":[{"type":"text","text":{"content":"tests/test_records.py::test_restore_page
      (setup)","link":null},"annotations":{"bold":false,"italic":false,"strikethrough":false,"underline":false,"code":false,"color":"default"},"plain_text":"tests/test_records.py::test_restore_page
      (setup)","href":null}]}},"url":"https://www.notion.so/tests-test_records-py-test_restore_page-setup-ab2f90ac2ee746b3a9ab38be084ea707"}'
    headers: {}
    http_version: HTTP/1.1
    status_code: 200
- request:
    body: '{"archived": true}'
    headers:
      accept:
      - '*/*'
      accept-encoding:
      - gzip, deflate
      authorization:
      - secret...
      connection:
      - keep-alive
      content-length:
      - '18'
      content-type:
      - application/json
      host:
      - api.notion.com
      notion-version:
      - '2022-02-22'
    method: PATCH
    uri: https://api.notion.com/v1/pages/ab2f90ac2ee746b3a9ab38be084ea707
  response:
    content: '{"object":"page","id":"ab2f90ac-2ee7-46b3-a9ab-38be084ea707","created_time":"2022-07-24T23:46:00.000Z","last_edited_time":"2022-07-24T23:46:00.000Z","created_by":{"object":"user","id":"6860cd48-ced8-41b3-b824-c7d039085db1"},"last_edited_by":{"object":"user","id":"6860cd48-ced8-41b3-b824-c7d039085db1"},"cover":null,"icon":null,"parent":{"type":"page_id","page_id":"250662d9-783d-483c-b131-341ed479f96c"},"archived":true,"properties":{"title":{"id":"title","type":"title","title":[{"type":"text","text":{"content":"tests/test_records.py::test_restore_page
      (setup)","link":null},"annotations":{"bold":false,"italic":false,"strikethrough":false,"underline":false,"code":false,"color":"default"},"plain_text":"tests/test_records.py::test_restore_page
      (setup)","href":null}]}},"url":"https://www.notion.so/tests-test_records-py-test_restore_page-setup-ab2f90ac2ee746b3a9ab38be084ea707"}'
    headers: {}
    http_version: HTTP/1.1
    status_code: 200
- request:
    body: ''
    headers:
      accept:
      - '*/*'
      accept-encoding:
      - gzip, deflate
      authorization:
      - secret...
      connection:
      - keep-alive
      host:
      - api.notion.com
      notion-version:
      - '2022-02-22'
    method: GET
    uri: https://api.notion.com/v1/pages/ab2f90ac-2ee7-46b3-a9ab-38be084ea707
  response:
    content: '{"object":"page","id":"ab2f90ac-2ee7-46b3-a9ab-38be084ea707","created_time":"2022-07-24T23:46:00.000Z","last_edited_time":"2022-07-24T23:46:00.000Z","created_by":{"object":"user","id":"6860cd48-ced8-41b3-b824-c7d039085db1"},"last_edited_by":{"object":"user","id":"6860cd48-ced8-41b3-b824-c7d039085db1"},"cover":null,"icon":null,"parent":{"type":"page_id","page_id":"250662d9-783d-483c-b131-341ed479f96c"},"archived":true,"properties":{"title":{"id":"title","type":"title","title":[{"type":"text","text":{"content":"tests/test_records.py::test_restore_page
      (setup)","link":null},"annotations":{"bold":false,"italic":false,"strikethrough":false,"underline":false,"code":false,"color":"default"},"plain_text":"tests/test_records.py::test_restore_page
      (setup)","href":null}]}},"url":"https://www.notion.so/tests-test_records-py-test_restore_page-setup-ab2f90ac2ee746b3a9ab38be084ea707"}'
    headers: {}
    http_version: HTTP/1.1
    status_code: 200
- request:
    body: '{"archived": false}'
    headers:
      accept:
      - '*/*'
      accept-encoding:
      - gzip, deflate
      authorization:
      - secret...
      connection:
      - keep-alive
      content-length:
      - '19'
      content-type:
      - application/json
      host:
      - api.notion.com
      notion-version:
      - '2022-02-22'
    method: PATCH
    uri: https://api.notion.com/v1/pages/ab2f90ac2ee746b3a9ab38be084ea707
  response:
    content: '{"object":"page","id":"ab2f90ac-2ee7-46b3-a9ab-38be084ea707","created_time":"2022-07-24T23:46:00.000Z","last_edited_time":"2022-07-24T23:46:00.000Z","created_by":{"object":"user","id":"6860cd48-ced8-41b3-b824-c7d039085db1"},"last_edited_by":{"object":"user","id":"6860cd48-ced8-41b3-b824-c7d039085db1"},"cover":null,"icon":null,"parent":{"type":"page_id","page_id":"250662d9-783d-483c-b131-341ed479f96c"},"archived":false,"properties":{"title":{"id":"title","type":"title","title":[{"type":"text","text":{"content":"tests/test_records.py::test_restore_page
      (setup)","link":null},"annotations":{"bold":false,"italic":false,"strikethrough":false,"underline":false,"code":false,"color":"default"},"plain_text":"tests/test_records.py::test_restore_page
      (setup)","href":null}]}},"url":"https://www.notion.so/tests-test_records-py-test_restore_page-setup-ab2f90ac2ee746b3a9ab38be084ea707"}'
    headers: {}
    http_version: HTTP/1.1
    status_code: 200
- request:
    body: ''
    headers:
      accept:
      - '*/*'
      accept-encoding:
      - gzip, deflate
      authorization:
      - secret...
      connection:
      - keep-alive
      host:
      - api.notion.com
      notion-version:
      - '2022-02-22'
    method: GET
    uri: https://api.notion.com/v1/pages/ab2f90ac-2ee7-46b3-a9ab-38be084ea707
  response:
    content: '{"object":"page","id":"ab2f90ac-2ee7-46b3-a9ab-38be084ea707","created_time":"2022-07-24T23:46:00.000Z","last_edited_time":"2022-07-24T23:46:00.000Z","created_by":{"object":"user","id":"6860cd48-ced8-41b3-b824-c7d039085db1"},"last_edited_by":{"object":"user","id":"6860cd48-ced8-41b3-b824-c7d039085db1"},"cover":null,"icon":null,"parent":{"type":"page_id","page_id":"250662d9-783d-483c-b131-341ed479f96c"},"archived":false,"properties":{"title":{"id":"title","type":"title","title":[{"type":"text","text":{"content":"tests/test_records.py::test_restore_page
      (setup)","link":null},"annotations":{"bold":false,"italic":false,"strikethrough":false,"underline":false,"code":false,"color":"default"},"plain_text":"tests/test_records.py::test_restore_page
      (setup)","href":null}]}},"url":"https://www.notion.so/tests-test_records-py-test_restore_page-setup-ab2f90ac2ee746b3a9ab38be084ea707"}'
    headers: {}
    http_version: HTTP/1.1
    status_code: 200
- request:
    body: '{"archived": true}'
    headers:
      accept:
      - '*/*'
      accept-encoding:
      - gzip, deflate
      authorization:
      - secret...
      connection:
      - keep-alive
      content-length:
      - '18'
      content-type:
      - application/json
      host:
      - api.notion.com
      notion-version:
      - '2022-02-22'
    method: PATCH
    uri: https://api.notion.com/v1/pages/ab2f90ac2ee746b3a9ab38be084ea707
  response:
    content: '{"object":"page","id":"ab2f90ac-2ee7-46b3-a9ab-38be084ea707","created_time":"2022-07-24T23:46:00.000Z","last_edited_time":"2022-07-24T23:46:00.000Z","created_by":{"object":"user","id":"6860cd48-ced8-41b3-b824-c7d039085db1"},"last_edited_by":{"object":"user","id":"6860cd48-ced8-41b3-b824-c7d039085db1"},"cover":null,"icon":null,"parent":{"type":"page_id","page_id":"250662d9-783d-483c-b131-341ed479f96c"},"archived":true,"properties":{"title":{"id":"title","type":"title","title":[{"type":"text","text":{"content":"tests/test_records.py::test_restore_page
      (setup)","link":null},"annotations":{"bold":false,"italic":false,"strikethrough":false,"underline":false,"code":false,"color":"default"},"plain_text":"tests/test_records.py::test_restore_page
      (setup)","href":null}]}},"url":"https://www.notion.so/tests-test_records-py-test_restore_page-setup-ab2f90ac2ee746b3a9ab38be084ea707"}'
    headers: {}
    http_version: HTTP/1.1
    status_code: 200
- request:
    body: '{"parent": {"type": "page_id", "page_id": "250662d9-783d-483c-b131-341ed479f96c"},
      "properties": {"title": {"type": "title", "title": [{"type": "text", "plain_text":
      "tests/test_records.py::test_restore_page (setup)", "text": {"content": "tests/test_records.py::test_restore_page
      (setup)"}}]}}}'
    headers:
      accept:
      - '*/*'
      accept-encoding:
      - gzip, deflate
      authorization:
      - secret...
      connection:
      - keep-alive
      content-length:
      - '294'
      content-type:
      - application/json
      host:
      - api.notion.com
      notion-version:
      - '2022-02-22'
    method: POST
    uri: https://api.notion.com/v1/pages
  response:
    content: '{"object":"page","id":"704d6537-a29c-4eaa-8231-abc79546a730","created_time":"2022-07-24T23:55:00.000Z","last_edited_time":"2022-07-24T23:55:00.000Z","created_by":{"object":"user","id":"6860cd48-ced8-41b3-b824-c7d039085db1"},"last_edited_by":{"object":"user","id":"6860cd48-ced8-41b3-b824-c7d039085db1"},"cover":null,"icon":null,"parent":{"type":"page_id","page_id":"250662d9-783d-483c-b131-341ed479f96c"},"archived":false,"properties":{"title":{"id":"title","type":"title","title":[{"type":"text","text":{"content":"tests/test_records.py::test_restore_page
      (setup)","link":null},"annotations":{"bold":false,"italic":false,"strikethrough":false,"underline":false,"code":false,"color":"default"},"plain_text":"tests/test_records.py::test_restore_page
      (setup)","href":null}]}},"url":"https://www.notion.so/tests-test_records-py-test_restore_page-setup-704d6537a29c4eaa8231abc79546a730"}'
    headers: {}
    http_version: HTTP/1.1
    status_code: 200
- request:
    body: '{"archived": true}'
    headers:
      accept:
      - '*/*'
      accept-encoding:
      - gzip, deflate
      authorization:
      - secret...
      connection:
      - keep-alive
      content-length:
      - '18'
      content-type:
      - application/json
      host:
      - api.notion.com
      notion-version:
      - '2022-02-22'
    method: PATCH
    uri: https://api.notion.com/v1/pages/704d6537a29c4eaa8231abc79546a730
  response:
    content: '{"object":"page","id":"704d6537-a29c-4eaa-8231-abc79546a730","created_time":"2022-07-24T23:55:00.000Z","last_edited_time":"2022-07-24T23:55:00.000Z","created_by":{"object":"user","id":"6860cd48-ced8-41b3-b824-c7d039085db1"},"last_edited_by":{"object":"user","id":"6860cd48-ced8-41b3-b824-c7d039085db1"},"cover":null,"icon":null,"parent":{"type":"page_id","page_id":"250662d9-783d-483c-b131-341ed479f96c"},"archived":true,"properties":{"title":{"id":"title","type":"title","title":[{"type":"text","text":{"content":"tests/test_records.py::test_restore_page
      (setup)","link":null},"annotations":{"bold":false,"italic":false,"strikethrough":false,"underline":false,"code":false,"color":"default"},"plain_text":"tests/test_records.py::test_restore_page
      (setup)","href":null}]}},"url":"https://www.notion.so/tests-test_records-py-test_restore_page-setup-704d6537a29c4eaa8231abc79546a730"}'
    headers: {}
    http_version: HTTP/1.1
    status_code: 200
- request:
    body: ''
    headers:
      accept:
      - '*/*'
      accept-encoding:
      - gzip, deflate
      authorization:
      - secret...
      connection:
      - keep-alive
      host:
      - api.notion.com
      notion-version:
      - '2022-02-22'
    method: GET
    uri: https://api.notion.com/v1/pages/704d6537-a29c-4eaa-8231-abc79546a730
  response:
    content: '{"object":"page","id":"704d6537-a29c-4eaa-8231-abc79546a730","created_time":"2022-07-24T23:55:00.000Z","last_edited_time":"2022-07-24T23:55:00.000Z","created_by":{"object":"user","id":"6860cd48-ced8-41b3-b824-c7d039085db1"},"last_edited_by":{"object":"user","id":"6860cd48-ced8-41b3-b824-c7d039085db1"},"cover":null,"icon":null,"parent":{"type":"page_id","page_id":"250662d9-783d-483c-b131-341ed479f96c"},"archived":true,"properties":{"title":{"id":"title","type":"title","title":[{"type":"text","text":{"content":"tests/test_records.py::test_restore_page
      (setup)","link":null},"annotations":{"bold":false,"italic":false,"strikethrough":false,"underline":false,"code":false,"color":"default"},"plain_text":"tests/test_records.py::test_restore_page
      (setup)","href":null}]}},"url":"https://www.notion.so/tests-test_records-py-test_restore_page-setup-704d6537a29c4eaa8231abc79546a730"}'
    headers: {}
    http_version: HTTP/1.1
    status_code: 200
- request:
    body: '{"archived": false}'
    headers:
      accept:
      - '*/*'
      accept-encoding:
      - gzip, deflate
      authorization:
      - secret...
      connection:
      - keep-alive
      content-length:
      - '19'
      content-type:
      - application/json
      host:
      - api.notion.com
      notion-version:
      - '2022-02-22'
    method: PATCH
    uri: https://api.notion.com/v1/pages/704d6537a29c4eaa8231abc79546a730
  response:
    content: '{"object":"page","id":"704d6537-a29c-4eaa-8231-abc79546a730","created_time":"2022-07-24T23:55:00.000Z","last_edited_time":"2022-07-24T23:55:00.000Z","created_by":{"object":"user","id":"6860cd48-ced8-41b3-b824-c7d039085db1"},"last_edited_by":{"object":"user","id":"6860cd48-ced8-41b3-b824-c7d039085db1"},"cover":null,"icon":null,"parent":{"type":"page_id","page_id":"250662d9-783d-483c-b131-341ed479f96c"},"archived":false,"properties":{"title":{"id":"title","type":"title","title":[{"type":"text","text":{"content":"tests/test_records.py::test_restore_page
      (setup)","link":null},"annotations":{"bold":false,"italic":false,"strikethrough":false,"underline":false,"code":false,"color":"default"},"plain_text":"tests/test_records.py::test_restore_page
      (setup)","href":null}]}},"url":"https://www.notion.so/tests-test_records-py-test_restore_page-setup-704d6537a29c4eaa8231abc79546a730"}'
    headers: {}
    http_version: HTTP/1.1
    status_code: 200
- request:
    body: ''
    headers:
      accept:
      - '*/*'
      accept-encoding:
      - gzip, deflate
      authorization:
      - secret...
      connection:
      - keep-alive
      host:
      - api.notion.com
      notion-version:
      - '2022-02-22'
    method: GET
    uri: https://api.notion.com/v1/pages/704d6537-a29c-4eaa-8231-abc79546a730
  response:
    content: '{"object":"page","id":"704d6537-a29c-4eaa-8231-abc79546a730","created_time":"2022-07-24T23:55:00.000Z","last_edited_time":"2022-07-24T23:55:00.000Z","created_by":{"object":"user","id":"6860cd48-ced8-41b3-b824-c7d039085db1"},"last_edited_by":{"object":"user","id":"6860cd48-ced8-41b3-b824-c7d039085db1"},"cover":null,"icon":null,"parent":{"type":"page_id","page_id":"250662d9-783d-483c-b131-341ed479f96c"},"archived":false,"properties":{"title":{"id":"title","type":"title","title":[{"type":"text","text":{"content":"tests/test_records.py::test_restore_page
      (setup)","link":null},"annotations":{"bold":false,"italic":false,"strikethrough":false,"underline":false,"code":false,"color":"default"},"plain_text":"tests/test_records.py::test_restore_page
      (setup)","href":null}]}},"url":"https://www.notion.so/tests-test_records-py-test_restore_page-setup-704d6537a29c4eaa8231abc79546a730"}'
    headers: {}
    http_version: HTTP/1.1
    status_code: 200
- request:
    body: '{"archived": true}'
    headers:
      accept:
      - '*/*'
      accept-encoding:
      - gzip, deflate
      authorization:
      - secret...
      connection:
      - keep-alive
      content-length:
      - '18'
      content-type:
      - application/json
      host:
      - api.notion.com
      notion-version:
      - '2022-02-22'
    method: PATCH
    uri: https://api.notion.com/v1/pages/704d6537a29c4eaa8231abc79546a730
  response:
    content: '{"object":"page","id":"704d6537-a29c-4eaa-8231-abc79546a730","created_time":"2022-07-24T23:55:00.000Z","last_edited_time":"2022-07-24T23:55:00.000Z","created_by":{"object":"user","id":"6860cd48-ced8-41b3-b824-c7d039085db1"},"last_edited_by":{"object":"user","id":"6860cd48-ced8-41b3-b824-c7d039085db1"},"cover":null,"icon":null,"parent":{"type":"page_id","page_id":"250662d9-783d-483c-b131-341ed479f96c"},"archived":true,"properties":{"title":{"id":"title","type":"title","title":[{"type":"text","text":{"content":"tests/test_records.py::test_restore_page
      (setup)","link":null},"annotations":{"bold":false,"italic":false,"strikethrough":false,"underline":false,"code":false,"color":"default"},"plain_text":"tests/test_records.py::test_restore_page
      (setup)","href":null}]}},"url":"https://www.notion.so/tests-test_records-py-test_restore_page-setup-704d6537a29c4eaa8231abc79546a730"}'
    headers: {}
    http_version: HTTP/1.1
    status_code: 200
version: 1
