interactions:
- request:
    body: '{"parent": {"type": "page_id", "page_id": "250662d9-783d-483c-b131-341ed479f96c"},
      "title": [{"type": "text", "plain_text": "tests/test_database.py::test_restore_database
      (setup)", "text": {"content": "tests/test_database.py::test_restore_database
      (setup)"}}], "properties": {"Name": {"type": "title", "title": {}}}}'
    headers:
      accept:
      - '*/*'
      accept-encoding:
      - gzip, deflate
      authorization:
      - secret...
      connection:
      - keep-alive
      content-length:
      - '316'
      content-type:
      - application/json
      host:
      - api.notion.com
      notion-version:
      - '2022-06-28'
    method: POST
    uri: https://api.notion.com/v1/databases
  response:
    content: '{"object":"database","id":"1070de12-9126-409f-977d-1e5429c86cb9","cover":null,"icon":null,"created_time":"2024-05-04T14:07:00.000Z","created_by":{"object":"user","id":"6860cd48-ced8-41b3-b824-c7d039085db1"},"last_edited_by":{"object":"user","id":"6860cd48-ced8-41b3-b824-c7d039085db1"},"last_edited_time":"2024-05-04T14:07:00.000Z","title":[{"type":"text","text":{"content":"tests/test_database.py::test_restore_database
      (setup)","link":null},"annotations":{"bold":false,"italic":false,"strikethrough":false,"underline":false,"code":false,"color":"default"},"plain_text":"tests/test_database.py::test_restore_database
      (setup)","href":null}],"description":[],"is_inline":false,"properties":{"Name":{"id":"title","name":"Name","type":"title","title":{}}},"parent":{"type":"page_id","page_id":"250662d9-783d-483c-b131-341ed479f96c"},"url":"https://www.notion.so/1070de129126409f977d1e5429c86cb9","public_url":null,"archived":false,"in_trash":false,"request_id":"213f6202-c775-47f4-a0f6-bd6806149fda"}'
    headers: {}
    http_version: HTTP/1.1
    status_code: 200
- request:
    body: ''
    headers:
      accept:
      - '*/*'
      accept-encoding:
      - gzip, deflate
      authorization:
      - secret...
      connection:
      - keep-alive
      cookie:
      - __cf_bm=obXR4MG5RA3YlOpVg4HTrOfxiIYkCLDYvtHDbjRHVJc-1714831656-1.0.1.1-8cz0ihvYCTDT34Up15vh442wrGY6JneN9L5rpFqRgeViIsG.xgualXz86jOhb4.dnVHr3hWdxzznzXD3ZNH5cA
      host:
      - api.notion.com
      notion-version:
      - '2022-06-28'
    method: DELETE
    uri: https://api.notion.com/v1/blocks/1070de12-9126-409f-977d-1e5429c86cb9
  response:
    content: '{"object":"block","id":"1070de12-9126-409f-977d-1e5429c86cb9","parent":{"type":"page_id","page_id":"250662d9-783d-483c-b131-341ed479f96c"},"created_time":"2024-05-04T14:07:00.000Z","last_edited_time":"2024-05-04T14:07:00.000Z","created_by":{"object":"user","id":"6860cd48-ced8-41b3-b824-c7d039085db1"},"last_edited_by":{"object":"user","id":"6860cd48-ced8-41b3-b824-c7d039085db1"},"has_children":false,"archived":true,"in_trash":true,"type":"child_database","child_database":{"title":"tests/test_database.py::test_restore_database
      (setup)"},"request_id":"5bbe8b7b-4c76-4abd-89ad-397d51f2186e"}'
    headers: {}
    http_version: HTTP/1.1
    status_code: 200
- request:
    body: ''
    headers:
      accept:
      - '*/*'
      accept-encoding:
      - gzip, deflate
      authorization:
      - secret...
      connection:
      - keep-alive
      cookie:
      - __cf_bm=obXR4MG5RA3YlOpVg4HTrOfxiIYkCLDYvtHDbjRHVJc-1714831656-1.0.1.1-8cz0ihvYCTDT34Up15vh442wrGY6JneN9L5rpFqRgeViIsG.xgualXz86jOhb4.dnVHr3hWdxzznzXD3ZNH5cA
      host:
      - api.notion.com
      notion-version:
      - '2022-06-28'
    method: GET
    uri: https://api.notion.com/v1/databases/1070de12-9126-409f-977d-1e5429c86cb9
  response:
    content: '{"object":"database","id":"1070de12-9126-409f-977d-1e5429c86cb9","cover":null,"icon":null,"created_time":"2024-05-04T14:07:00.000Z","created_by":{"object":"user","id":"6860cd48-ced8-41b3-b824-c7d039085db1"},"last_edited_by":{"object":"user","id":"6860cd48-ced8-41b3-b824-c7d039085db1"},"last_edited_time":"2024-05-04T14:07:00.000Z","title":[{"type":"text","text":{"content":"tests/test_database.py::test_restore_database
      (setup)","link":null},"annotations":{"bold":false,"italic":false,"strikethrough":false,"underline":false,"code":false,"color":"default"},"plain_text":"tests/test_database.py::test_restore_database
      (setup)","href":null}],"description":[],"is_inline":false,"properties":{"Name":{"id":"title","name":"Name","type":"title","title":{}}},"parent":{"type":"page_id","page_id":"250662d9-783d-483c-b131-341ed479f96c"},"url":"https://www.notion.so/1070de129126409f977d1e5429c86cb9","public_url":null,"archived":true,"in_trash":true,"request_id":"1a477e02-cc57-4b80-bb99-f50b86c3a427"}'
    headers: {}
    http_version: HTTP/1.1
    status_code: 200
- request:
    body: '{"archived": false}'
    headers:
      accept:
      - '*/*'
      accept-encoding:
      - gzip, deflate
      authorization:
      - secret...
      connection:
      - keep-alive
      content-length:
      - '19'
      content-type:
      - application/json
      cookie:
      - __cf_bm=obXR4MG5RA3YlOpVg4HTrOfxiIYkCLDYvtHDbjRHVJc-1714831656-1.0.1.1-8cz0ihvYCTDT34Up15vh442wrGY6JneN9L5rpFqRgeViIsG.xgualXz86jOhb4.dnVHr3hWdxzznzXD3ZNH5cA
      host:
      - api.notion.com
      notion-version:
      - '2022-06-28'
    method: PATCH
    uri: https://api.notion.com/v1/blocks/1070de12-9126-409f-977d-1e5429c86cb9
  response:
    content: '{"object":"block","id":"1070de12-9126-409f-977d-1e5429c86cb9","parent":{"type":"page_id","page_id":"250662d9-783d-483c-b131-341ed479f96c"},"created_time":"2024-05-04T14:07:00.000Z","last_edited_time":"2024-05-04T14:07:00.000Z","created_by":{"object":"user","id":"6860cd48-ced8-41b3-b824-c7d039085db1"},"last_edited_by":{"object":"user","id":"6860cd48-ced8-41b3-b824-c7d039085db1"},"has_children":false,"archived":false,"in_trash":false,"type":"child_database","child_database":{"title":"tests/test_database.py::test_restore_database
      (setup)"},"request_id":"90e420d4-c617-4077-85b1-1d52628791b0"}'
    headers: {}
    http_version: HTTP/1.1
    status_code: 200
- request:
    body: ''
    headers:
      accept:
      - '*/*'
      accept-encoding:
      - gzip, deflate
      authorization:
      - secret...
      connection:
      - keep-alive
      cookie:
      - __cf_bm=obXR4MG5RA3YlOpVg4HTrOfxiIYkCLDYvtHDbjRHVJc-1714831656-1.0.1.1-8cz0ihvYCTDT34Up15vh442wrGY6JneN9L5rpFqRgeViIsG.xgualXz86jOhb4.dnVHr3hWdxzznzXD3ZNH5cA
      host:
      - api.notion.com
      notion-version:
      - '2022-06-28'
    method: GET
    uri: https://api.notion.com/v1/databases/1070de12-9126-409f-977d-1e5429c86cb9
  response:
    content: '{"object":"database","id":"1070de12-9126-409f-977d-1e5429c86cb9","cover":null,"icon":null,"created_time":"2024-05-04T14:07:00.000Z","created_by":{"object":"user","id":"6860cd48-ced8-41b3-b824-c7d039085db1"},"last_edited_by":{"object":"user","id":"6860cd48-ced8-41b3-b824-c7d039085db1"},"last_edited_time":"2024-05-04T14:07:00.000Z","title":[{"type":"text","text":{"content":"tests/test_database.py::test_restore_database
      (setup)","link":null},"annotations":{"bold":false,"italic":false,"strikethrough":false,"underline":false,"code":false,"color":"default"},"plain_text":"tests/test_database.py::test_restore_database
      (setup)","href":null}],"description":[],"is_inline":false,"properties":{"Name":{"id":"title","name":"Name","type":"title","title":{}}},"parent":{"type":"page_id","page_id":"250662d9-783d-483c-b131-341ed479f96c"},"url":"https://www.notion.so/1070de129126409f977d1e5429c86cb9","public_url":null,"archived":false,"in_trash":false,"request_id":"58400994-c24b-4675-a589-0661778a1cda"}'
    headers: {}
    http_version: HTTP/1.1
    status_code: 200
- request:
    body: ''
    headers:
      accept:
      - '*/*'
      accept-encoding:
      - gzip, deflate
      authorization:
      - secret...
      connection:
      - keep-alive
      cookie:
      - __cf_bm=obXR4MG5RA3YlOpVg4HTrOfxiIYkCLDYvtHDbjRHVJc-1714831656-1.0.1.1-8cz0ihvYCTDT34Up15vh442wrGY6JneN9L5rpFqRgeViIsG.xgualXz86jOhb4.dnVHr3hWdxzznzXD3ZNH5cA
      host:
      - api.notion.com
      notion-version:
      - '2022-06-28'
    method: DELETE
    uri: https://api.notion.com/v1/blocks/1070de12-9126-409f-977d-1e5429c86cb9
  response:
    content: '{"object":"block","id":"1070de12-9126-409f-977d-1e5429c86cb9","parent":{"type":"page_id","page_id":"250662d9-783d-483c-b131-341ed479f96c"},"created_time":"2024-05-04T14:07:00.000Z","last_edited_time":"2024-05-04T14:07:00.000Z","created_by":{"object":"user","id":"6860cd48-ced8-41b3-b824-c7d039085db1"},"last_edited_by":{"object":"user","id":"6860cd48-ced8-41b3-b824-c7d039085db1"},"has_children":false,"archived":true,"in_trash":true,"type":"child_database","child_database":{"title":"tests/test_database.py::test_restore_database
      (setup)"},"request_id":"d017fda9-59ce-48bd-96f5-0a3c2c9864ad"}'
    headers: {}
    http_version: HTTP/1.1
    status_code: 200
version: 1
