interactions:
- request:
    body: '{"parent": {"type": "page_id", "page_id": "250662d9-783d-483c-b131-341ed479f96c"},
      "title": [{"type": "text", "plain_text": "tests/test_orm.py::test_simple_model
      (setup)", "text": {"content": "tests/test_orm.py::test_simple_model (setup)"}}],
      "properties": {"Name": {"type": "title", "title": {}}, "Index": {"type": "number",
      "number": {"format": "number"}}, "Notes": {"type": "rich_text", "rich_text":
      {}}, "Complete": {"type": "checkbox", "checkbox": {}}, "Due Date": {"type":
      "date", "date": {}}, "Tags": {"type": "multi_select", "multi_select": {"options":
      []}}}}'
    headers:
      accept:
      - '*/*'
      accept-encoding:
      - gzip, deflate
      authorization:
      - secret...
      connection:
      - keep-alive
      content-length:
      - '567'
      content-type:
      - application/json
      host:
      - api.notion.com
      notion-version:
      - '2022-06-28'
    method: POST
    uri: https://api.notion.com/v1/databases
  response:
    content: '{"object":"database","id":"e08abb16-04c7-4b64-9522-a119086436b5","cover":null,"icon":null,"created_time":"2022-12-23T04:50:00.000Z","created_by":{"object":"user","id":"6860cd48-ced8-41b3-b824-c7d039085db1"},"last_edited_by":{"object":"user","id":"6860cd48-ced8-41b3-b824-c7d039085db1"},"last_edited_time":"2022-12-23T04:50:00.000Z","title":[{"type":"text","text":{"content":"tests/test_orm.py::test_simple_model
      (setup)","link":null},"annotations":{"bold":false,"italic":false,"strikethrough":false,"underline":false,"code":false,"color":"default"},"plain_text":"tests/test_orm.py::test_simple_model
      (setup)","href":null}],"description":[],"is_inline":false,"properties":{"Complete":{"id":"%3Aep%3E","name":"Complete","type":"checkbox","checkbox":{}},"Index":{"id":"YKoy","name":"Index","type":"number","number":{"format":"number"}},"Due
      Date":{"id":"lNxc","name":"Due Date","type":"date","date":{}},"Notes":{"id":"x%5Bd%7D","name":"Notes","type":"rich_text","rich_text":{}},"Tags":{"id":"zFQg","name":"Tags","type":"multi_select","multi_select":{"options":[]}},"Name":{"id":"title","name":"Name","type":"title","title":{}}},"parent":{"type":"page_id","page_id":"250662d9-783d-483c-b131-341ed479f96c"},"url":"https://www.notion.so/e08abb1604c74b649522a119086436b5","archived":false}'
    headers: {}
    http_version: HTTP/1.1
    status_code: 200
- request:
    body: '{"parent": {"type": "database_id", "database_id": "e08abb16-04c7-4b64-9522-a119086436b5"},
      "properties": {}}'
    headers:
      accept:
      - '*/*'
      accept-encoding:
      - gzip, deflate
      authorization:
      - secret...
      connection:
      - keep-alive
      content-length:
      - '108'
      content-type:
      - application/json
      host:
      - api.notion.com
      notion-version:
      - '2022-06-28'
    method: POST
    uri: https://api.notion.com/v1/pages
  response:
    content: '{"object":"page","id":"321c1c93-f40a-4748-9394-da0d74d92d33","created_time":"2022-12-23T04:50:00.000Z","last_edited_time":"2022-12-23T04:50:00.000Z","created_by":{"object":"user","id":"6860cd48-ced8-41b3-b824-c7d039085db1"},"last_edited_by":{"object":"user","id":"6860cd48-ced8-41b3-b824-c7d039085db1"},"cover":null,"icon":null,"parent":{"type":"database_id","database_id":"e08abb16-04c7-4b64-9522-a119086436b5"},"archived":false,"properties":{"Complete":{"id":"%3Aep%3E","type":"checkbox","checkbox":false},"Index":{"id":"YKoy","type":"number","number":null},"Due
      Date":{"id":"lNxc","type":"date","date":null},"Notes":{"id":"x%5Bd%7D","type":"rich_text","rich_text":[]},"Tags":{"id":"zFQg","type":"multi_select","multi_select":[]},"Name":{"id":"title","type":"title","title":[]}},"url":"https://www.notion.so/321c1c93f40a47489394da0d74d92d33"}'
    headers: {}
    http_version: HTTP/1.1
    status_code: 200
- request:
    body: '{"properties": {"Name": {"type": "title", "title": [{"type": "text", "plain_text":
      "One&Only", "text": {"content": "One&Only"}}]}}}'
    headers:
      accept:
      - '*/*'
      accept-encoding:
      - gzip, deflate
      authorization:
      - secret...
      connection:
      - keep-alive
      content-length:
      - '131'
      content-type:
      - application/json
      host:
      - api.notion.com
      notion-version:
      - '2022-06-28'
    method: PATCH
    uri: https://api.notion.com/v1/pages/321c1c93f40a47489394da0d74d92d33
  response:
    content: '{"object":"page","id":"321c1c93-f40a-4748-9394-da0d74d92d33","created_time":"2022-12-23T04:50:00.000Z","last_edited_time":"2022-12-23T04:50:00.000Z","created_by":{"object":"user","id":"6860cd48-ced8-41b3-b824-c7d039085db1"},"last_edited_by":{"object":"user","id":"6860cd48-ced8-41b3-b824-c7d039085db1"},"cover":null,"icon":null,"parent":{"type":"database_id","database_id":"e08abb16-04c7-4b64-9522-a119086436b5"},"archived":false,"properties":{"Complete":{"id":"%3Aep%3E","type":"checkbox","checkbox":false},"Index":{"id":"YKoy","type":"number","number":null},"Due
      Date":{"id":"lNxc","type":"date","date":null},"Notes":{"id":"x%5Bd%7D","type":"rich_text","rich_text":[]},"Tags":{"id":"zFQg","type":"multi_select","multi_select":[]},"Name":{"id":"title","type":"title","title":[{"type":"text","text":{"content":"One&Only","link":null},"annotations":{"bold":false,"italic":false,"strikethrough":false,"underline":false,"code":false,"color":"default"},"plain_text":"One&Only","href":null}]}},"url":"https://www.notion.so/One-Only-321c1c93f40a47489394da0d74d92d33"}'
    headers: {}
    http_version: HTTP/1.1
    status_code: 200
- request:
    body: ''
    headers:
      accept:
      - '*/*'
      accept-encoding:
      - gzip, deflate
      authorization:
      - secret...
      connection:
      - keep-alive
      host:
      - api.notion.com
      notion-version:
      - '2022-06-28'
    method: GET
    uri: https://api.notion.com/v1/pages/321c1c93-f40a-4748-9394-da0d74d92d33
  response:
    content: '{"object":"page","id":"321c1c93-f40a-4748-9394-da0d74d92d33","created_time":"2022-12-23T04:50:00.000Z","last_edited_time":"2022-12-23T04:50:00.000Z","created_by":{"object":"user","id":"6860cd48-ced8-41b3-b824-c7d039085db1"},"last_edited_by":{"object":"user","id":"6860cd48-ced8-41b3-b824-c7d039085db1"},"cover":null,"icon":null,"parent":{"type":"database_id","database_id":"e08abb16-04c7-4b64-9522-a119086436b5"},"archived":false,"properties":{"Complete":{"id":"%3Aep%3E","type":"checkbox","checkbox":false},"Index":{"id":"YKoy","type":"number","number":null},"Due
      Date":{"id":"lNxc","type":"date","date":null},"Notes":{"id":"x%5Bd%7D","type":"rich_text","rich_text":[]},"Tags":{"id":"zFQg","type":"multi_select","multi_select":[]},"Name":{"id":"title","type":"title","title":[{"type":"text","text":{"content":"One&Only","link":null},"annotations":{"bold":false,"italic":false,"strikethrough":false,"underline":false,"code":false,"color":"default"},"plain_text":"One&Only","href":null}]}},"url":"https://www.notion.so/One-Only-321c1c93f40a47489394da0d74d92d33"}'
    headers: {}
    http_version: HTTP/1.1
    status_code: 200
- request:
    body: ''
    headers:
      accept:
      - '*/*'
      accept-encoding:
      - gzip, deflate
      authorization:
      - secret...
      connection:
      - keep-alive
      host:
      - api.notion.com
      notion-version:
      - '2022-06-28'
    method: DELETE
    uri: https://api.notion.com/v1/blocks/e08abb16-04c7-4b64-9522-a119086436b5
  response:
    content: '{"object":"block","id":"e08abb16-04c7-4b64-9522-a119086436b5","parent":{"type":"page_id","page_id":"250662d9-783d-483c-b131-341ed479f96c"},"created_time":"2022-12-23T04:50:00.000Z","last_edited_time":"2022-12-23T04:50:00.000Z","created_by":{"object":"user","id":"6860cd48-ced8-41b3-b824-c7d039085db1"},"last_edited_by":{"object":"user","id":"6860cd48-ced8-41b3-b824-c7d039085db1"},"has_children":false,"archived":true,"type":"child_database","child_database":{"title":"tests/test_orm.py::test_simple_model
      (setup)"}}'
    headers: {}
    http_version: HTTP/1.1
    status_code: 200
version: 1
